
 AMOUSE

 Start         Length     Name                   Class
 0001:00000000 000013669H CODE32                 CODE 32-bit
	at offset 00000000 02907H bytes from C:\work\c\amouse\Config\som2\amouse.obj (.\AMOUSE.c)
	at offset 00002910 00657H bytes from C:\work\c\amouse\Config\som2\dialogs.obj (.\Dialogs.c)
	at offset 00002f70 019EDH bytes from C:\work\c\amouse\Config\som2\common.obj (..\Common.c)
	at offset 00004960 04E75H bytes from C:\work\c\amouse\Config\som2\commonDlg.obj (..\CommonDlg.c)
	at offset 000097e0 00479H bytes from C:\work\c\amouse\Config\som2\Vendor.obj (..\Vendor.c)
	at offset 00009c60 00318H bytes from C:\work\c\cutil\cutil.lib (.\GetLang.c)
	at offset 00009f78 003A8H bytes from D:\IBMCPP\LIB\cppom30.lib (D:\SwordCSD\crt\begthrd.c)
	at offset 0000a320 00191H bytes from D:\IBMCPP\LIB\cppom30.lib (D:\SwordCSD\crt\endthrd.c)
	at offset 0000a4b4 000D7H bytes from D:\IBMCPP\LIB\cppom30.lib (D:\SwordCSD\crt\fastsem.c)
	at offset 0000a58c 0001EH bytes from D:\IBMCPP\LIB\cppom30.lib (D:\SwordCSD\crt\fastsema.asm)
	at offset 0000a5ac 000B7H bytes from D:\IBMCPP\LIB\cppom30.lib (D:\SwordCSD\crt\freethrd.c)
	at offset 0000a664 0000BH bytes from D:\IBMCPP\LIB\cppom30.lib (D:\SwordCSD\crt\threadid.c)
	at offset 0000a670 0015DH bytes from D:\IBMCPP\LIB\cppom30.lib (D:\SwordCSD\crt\tsglobal.c)
	at offset 0000a7d0 0005CH bytes from D:\IBMCPP\LIB\cppom30.lib (D:\SwordCSD\crt\sprintf.c)
	at offset 0000a82c 000D1H bytes from D:\IBMCPP\LIB\cppom30.lib (D:\SwordCSD\crt\bufprint.c)
	at offset 0000a900 0003DH bytes from D:\IBMCPP\LIB\cppom30.lib (D:\SwordCSD\crt\ccalloc.c)
	at offset 0000a940 0002AH bytes from D:\IBMCPP\LIB\cppom30.lib (D:\SwordCSD\crt\cfree.c)
	at offset 0000a96c 00039H bytes from D:\IBMCPP\LIB\cppom30.lib (D:\SwordCSD\crt\cmalloc.c)
	at offset 0000a9a8 00032H bytes from D:\IBMCPP\LIB\cppom30.lib (D:\SwordCSD\crt\crt_fd.c)
	at offset 0000a9dc 00111H bytes from D:\IBMCPP\LIB\cppom30.lib (D:\SwordCSD\crt\ctordtor.c)
	at offset 0000aaf0 015C9H bytes from D:\IBMCPP\LIB\cppom30.lib (D:\SwordCSD\crt\dofmto.c)
	at offset 0000c0bc 000B3H bytes from D:\IBMCPP\LIB\cppom30.lib (D:\SwordCSD\crt\fmtcomm.c)
	at offset 0000c170 00010H bytes from D:\IBMCPP\LIB\cppom30.lib (D:\SwordCSD\crt\fpreset.asm)
	at offset 0000c180 00047H bytes from D:\IBMCPP\LIB\cppom30.lib (D:\SwordCSD\crt\interr.c)
	at offset 0000c1c8 00014H bytes from D:\IBMCPP\LIB\cppom30.lib (D:\SwordCSD\crt\isspace.c)
	at offset 0000c1dc 000A3H bytes from D:\IBMCPP\LIB\cppom30.lib (D:\SwordCSD\crt\itoa.c)
	at offset 0000c280 00063H bytes from D:\IBMCPP\LIB\cppom30.lib (D:\SwordCSD\crt\longjmp.asm)
	at offset 0000c2e4 000A3H bytes from D:\IBMCPP\LIB\cppom30.lib (D:\SwordCSD\crt\ltoa.c)
	at offset 0000c388 00023H bytes from D:\IBMCPP\LIB\cppom30.lib (D:\SwordCSD\crt\memcpy.c)
	at offset 0000c3ac 0003FH bytes from D:\IBMCPP\LIB\cppom30.lib (D:\SwordCSD\crt\memmove.c)
	at offset 0000c3ec 00030H bytes from D:\IBMCPP\LIB\cppom30.lib (D:\SwordCSD\crt\memset.c)
	at offset 0000c41c 00210H bytes from D:\IBMCPP\LIB\cppom30.lib (D:\SwordCSD\crt\prtemsg.c)
	at offset 0000c62c 000E2H bytes from D:\IBMCPP\LIB\cppom30.lib (D:\SwordCSD\crt\rcalloc.c)
	at offset 0000c710 003CFH bytes from D:\IBMCPP\LIB\cppom30.lib (D:\SwordCSD\crt\rcreate.c)
	at offset 0000cae0 00366H bytes from D:\IBMCPP\LIB\cppom30.lib (D:\SwordCSD\crt\rheapmin.c)
	at offset 0000ce48 0011DH bytes from D:\IBMCPP\LIB\cppom30.lib (D:\SwordCSD\crt\rinit.c)
	at offset 0000cf68 01870H bytes from D:\IBMCPP\LIB\cppom30.lib (D:\SwordCSD\crt\rmalloc.c)
	at offset 0000e7d8 00045H bytes from D:\IBMCPP\LIB\cppom30.lib (D:\SwordCSD\crt\dllinit.c)
	at offset 0000e820 0003AH bytes from D:\IBMCPP\LIB\cppom30.lib (D:\SwordCSD\crt\setjmp.asm)
	at offset 0000e85c 00036H bytes from D:\IBMCPP\LIB\cppom30.lib (D:\SwordCSD\crt\strcat.c)
	at offset 0000e894 00021H bytes from D:\IBMCPP\LIB\cppom30.lib (D:\SwordCSD\crt\strchr.c)
	at offset 0000e8b8 0001DH bytes from D:\IBMCPP\LIB\cppom30.lib (D:\SwordCSD\crt\strcmp.c)
	at offset 0000e8d8 0002EH bytes from D:\IBMCPP\LIB\cppom30.lib (D:\SwordCSD\crt\strcpy.c)
	at offset 0000e908 0005DH bytes from D:\IBMCPP\LIB\cppom30.lib (D:\SwordCSD\crt\strdup.c)
	at offset 0000e968 00015H bytes from D:\IBMCPP\LIB\cppom30.lib (D:\SwordCSD\crt\strlen.c)
	at offset 0000e980 00038H bytes from D:\IBMCPP\LIB\cppom30.lib (D:\SwordCSD\crt\strncpy.c)
	at offset 0000e9b8 00022H bytes from D:\IBMCPP\LIB\cppom30.lib (D:\SwordCSD\crt\strrchr.c)
	at offset 0000e9dc 0003CH bytes from D:\IBMCPP\LIB\cppom30.lib (D:\SwordCSD\crt\strspn.asm)
	at offset 0000ea18 000E3H bytes from D:\IBMCPP\LIB\cppom30.lib (D:\SwordCSD\crt\strtoul.c)
	at offset 0000eafc 00010H bytes from D:\IBMCPP\LIB\cppom30.lib (D:\SwordCSD\crt\terminat.c)
	at offset 0000eb0c 00189H bytes from D:\IBMCPP\LIB\cppom30.lib (D:\SwordCSD\crt\toint.c)
	at offset 0000ec98 00017H bytes from D:\IBMCPP\LIB\cppom30.lib (D:\SwordCSD\crt\toupper.c)
	at offset 0000ecb0 0007CH bytes from D:\IBMCPP\LIB\cppom30.lib (D:\SwordCSD\crt\ultoa.c)
	at offset 0000ed2c 0001BH bytes from D:\IBMCPP\LIB\cppom30.lib (D:\SwordCSD\crt\weakfmt.c)
	at offset 0000ed48 00003H bytes from D:\IBMCPP\LIB\cppom30.lib (D:\SwordCSD\crt\wflush.c)
	at offset 0000ed4c 00005H bytes from D:\IBMCPP\LIB\cppom30.lib (D:\SwordCSD\crt\wk_rmem.c)
	at offset 0000ed54 00007H bytes from D:\IBMCPP\LIB\cppom30.lib (D:\SwordCSD\crt\wk_tmem.c)
	at offset 0000ed5c 00003H bytes from D:\IBMCPP\LIB\cppom30.lib (D:\SwordCSD\crt\wk_walk.c)
	at offset 0000ed60 0000EH bytes from D:\IBMCPP\LIB\cppom30.lib (D:\SwordCSD\crt\bts.asm)
	at offset 0000ed70 00047H bytes from D:\IBMCPP\LIB\cppom30.lib (D:\SwordCSD\crt\checkmem.c)
	at offset 0000edb8 00252H bytes from D:\IBMCPP\LIB\cppom30.lib (D:\SwordCSD\crt\closstrm.c)
	at offset 0000f00c 001FEH bytes from D:\IBMCPP\LIB\cppom30.lib (D:\SwordCSD\crt\convert.c)
	at offset 0000f20c 000FBH bytes from D:\IBMCPP\LIB\cppom30.lib (D:\SwordCSD\crt\ctypetbl.c)
	at offset 0000f308 00017H bytes from D:\IBMCPP\LIB\cppom30.lib (D:\SwordCSD\crt\cweak.c)
	at offset 0000f320 00396H bytes from D:\IBMCPP\LIB\cppom30.lib (D:\SwordCSD\crt\edcinit.c)
	at offset 0000f6b8 00007H bytes from D:\IBMCPP\LIB\cppom30.lib (D:\SwordCSD\crt\edcmxdef.c)
	at offset 0000f6c0 001D2H bytes from D:\IBMCPP\LIB\cppom30.lib (D:\SwordCSD\crt\edcterm.c)
	at offset 0000f894 000FEH bytes from D:\IBMCPP\LIB\cppom30.lib (D:\SwordCSD\crt\fclose.c)
	at offset 0000f994 000EBH bytes from D:\IBMCPP\LIB\cppom30.lib (D:\SwordCSD\crt\fcloseal.c)
	at offset 0000fa80 00007H bytes from D:\IBMCPP\LIB\cppom30.lib (D:\SwordCSD\crt\fclweak.c)
	at offset 0000fa88 00151H bytes from D:\IBMCPP\LIB\cppom30.lib (D:\SwordCSD\crt\fflush.c)
	at offset 0000fbdc 00761H bytes from D:\IBMCPP\LIB\cppom30.lib (D:\SwordCSD\crt\fgets.c)
	at offset 00010340 0023DH bytes from D:\IBMCPP\LIB\cppom30.lib (D:\SwordCSD\crt\fillb.c)
	at offset 00010580 001A1H bytes from D:\IBMCPP\LIB\cppom30.lib (D:\SwordCSD\crt\flush.c)
	at offset 00010724 0032DH bytes from D:\IBMCPP\LIB\cppom30.lib (D:\SwordCSD\crt\flushb.c)
	at offset 00010a54 00555H bytes from D:\IBMCPP\LIB\cppom30.lib (D:\SwordCSD\crt\fmprs.c)
	at offset 00010fac 00101H bytes from D:\IBMCPP\LIB\cppom30.lib (D:\SwordCSD\crt\fopen.c)
	at offset 000110b0 000C5H bytes from D:\IBMCPP\LIB\cppom30.lib (D:\SwordCSD\crt\freefcb.c)
	at offset 00011178 00227H bytes from D:\IBMCPP\LIB\cppom30.lib (D:\SwordCSD\crt\fullpath.c)
	at offset 000113a0 0015FH bytes from D:\IBMCPP\LIB\cppom30.lib (D:\SwordCSD\crt\getenv.c)
	at offset 00011500 00015H bytes from D:\IBMCPP\LIB\cppom30.lib (D:\SwordCSD\crt\incdec.asm)
	at offset 00011518 00045H bytes from D:\IBMCPP\LIB\cppom30.lib (D:\SwordCSD\crt\initbuf.c)
	at offset 00011560 001B8H bytes from D:\IBMCPP\LIB\cppom30.lib (D:\SwordCSD\crt\initfcb.c)
	at offset 00011718 0000BH bytes from D:\IBMCPP\LIB\cppom30.lib (D:\SwordCSD\crt\localcns.c)
	at offset 00011724 00027H bytes from D:\IBMCPP\LIB\cppom30.lib (D:\SwordCSD\crt\localcnv.c)
	at offset 0001174c 00007H bytes from D:\IBMCPP\LIB\cppom30.lib (D:\SwordCSD\crt\matherr.c)
	at offset 00011754 0002DH bytes from D:\IBMCPP\LIB\cppom30.lib (D:\SwordCSD\crt\mblen.c)
	at offset 00011784 000C2H bytes from D:\IBMCPP\LIB\cppom30.lib (D:\SwordCSD\crt\mblend.c)
	at offset 00011848 00040H bytes from D:\IBMCPP\LIB\cppom30.lib (D:\SwordCSD\crt\mbrlen.c)
	at offset 00011888 00100H bytes from D:\IBMCPP\LIB\cppom30.lib (D:\SwordCSD\crt\mbrlend.c)
	at offset 00011988 00527H bytes from D:\IBMCPP\LIB\cppom30.lib (D:\SwordCSD\crt\nlssetup.c)
	at offset 00011eb0 000BAH bytes from D:\IBMCPP\LIB\cppom30.lib (D:\SwordCSD\crt\noddprs.c)
	at offset 00011f6c 00080H bytes from D:\IBMCPP\LIB\cppom30.lib (D:\SwordCSD\crt\n_dumpwk.c)
	at offset 00011fec 00056H bytes from D:\IBMCPP\LIB\cppom30.lib (D:\SwordCSD\crt\n_excpio.c)
	at offset 00012044 0006BH bytes from D:\IBMCPP\LIB\cppom30.lib (D:\SwordCSD\crt\n_excpta.asm)
	at offset 000120b0 000F6H bytes from D:\IBMCPP\LIB\cppom30.lib (D:\SwordCSD\crt\n_excrit.c)
	at offset 000121a8 005F6H bytes from D:\IBMCPP\LIB\cppom30.lib (D:\SwordCSD\crt\openstrm.c)
	at offset 000127a0 000C6H bytes from D:\IBMCPP\LIB\cppom30.lib (D:\SwordCSD\crt\setupenv.c)
	at offset 00012868 00096H bytes from D:\IBMCPP\LIB\cppom30.lib (D:\SwordCSD\crt\stricmp.c)
	at offset 00012900 000B5H bytes from D:\IBMCPP\LIB\cppom30.lib (D:\SwordCSD\crt\strnicmp.c)
	at offset 000129b8 00255H bytes from D:\IBMCPP\LIB\cppom30.lib (D:\SwordCSD\crt\ureadbs.c)
	at offset 00012c10 00035H bytes from D:\IBMCPP\LIB\cppom30.lib (D:\SwordCSD\crt\uwrite.c)
	at offset 00012c48 00033H bytes from D:\IBMCPP\LIB\cppom30.lib (D:\SwordCSD\crt\wctomb.c)
	at offset 00012c7c 00117H bytes from D:\IBMCPP\LIB\cppom30.lib (D:\SwordCSD\crt\wctombd.c)
	at offset 00012d94 00007H bytes from D:\IBMCPP\LIB\cppom30.lib (D:\SwordCSD\crt\weakcput.c)
	at offset 00012d9c 0004DH bytes from D:\IBMCPP\LIB\cppom30.lib (D:\SwordCSD\crt\wmemfile.c)
	at offset 00012dec 00006H bytes from D:\IBMCPP\LIB\cppom30.lib (D:\SwordCSD\crt\w_raise.c)
	at offset 00012df4 00083H bytes from D:\IBMCPP\LIB\cppom30.lib (D:\SwordCSD\crt\xread.c)
	at offset 00012e78 007F1H bytes from D:\IBMCPP\LIB\cppom30.lib (D:\SwordCSD\crt\n_except.c)

 0001:0001366C 000000030H _MSGSEG32              CODE 32-bit
	at offset 00000000 00030H bytes from C:\OS2TK45\lib\os2386.lib (msgseg32.asm)

 0002:00000000 000000188H CONST32_RO             CONST 32-bit
	at offset 00000000 00049H bytes from D:\IBMCPP\LIB\cppom30.lib (D:\SwordCSD\crt\dofmto.c)
	at offset 0000004c 00025H bytes from D:\IBMCPP\LIB\cppom30.lib (D:\SwordCSD\crt\itoa.c)
	at offset 00000074 00025H bytes from D:\IBMCPP\LIB\cppom30.lib (D:\SwordCSD\crt\ltoa.c)
	at offset 0000009c 00088H bytes from D:\IBMCPP\LIB\cppom30.lib (D:\SwordCSD\crt\prtemsg.c)
	at offset 00000124 00025H bytes from D:\IBMCPP\LIB\cppom30.lib (D:\SwordCSD\crt\ultoa.c)
	at offset 0000014c 00014H bytes from D:\IBMCPP\LIB\cppom30.lib (D:\SwordCSD\crt\edcinit.c)
	at offset 00000160 00027H bytes from D:\IBMCPP\LIB\cppom30.lib (D:\SwordCSD\crt\fmprs.c)

 0003:00000000 000004858H DATA32                 DATA 32-bit
	at offset 00000000 02CE0H bytes from C:\work\c\amouse\Config\som2\amouse.obj (.\AMOUSE.c)
	at offset 00002ce0 00014H bytes from C:\work\c\amouse\Config\som2\amousedata.obj (.\AMouseData.c)
	at offset 00002cf4 000A4H bytes from C:\work\c\amouse\Config\som2\common.obj (..\Common.c)
	at offset 00002d98 00394H bytes from C:\work\c\amouse\Config\som2\commonDlg.obj (..\CommonDlg.c)
	at offset 0000312c 0001CH bytes from C:\work\c\amouse\Config\som2\Vendor.obj (..\Vendor.c)
	at offset 00003148 00020H bytes from C:\work\c\cutil\cutil.lib (.\GetLang.c)
	at offset 00003168 0009CH bytes from D:\IBMCPP\LIB\cppom30.lib (D:\SwordCSD\crt\begthrd.c)
	at offset 00003204 00024H bytes from D:\IBMCPP\LIB\cppom30.lib (D:\SwordCSD\crt\endthrd.c)
	at offset 00003228 0000CH bytes from D:\IBMCPP\LIB\cppom30.lib (D:\SwordCSD\crt\tsglobal.c)
	at offset 00003234 00004H bytes from D:\IBMCPP\LIB\cppom30.lib (D:\SwordCSD\crt\crt_fd.c)
	at offset 00003238 00004H bytes from D:\IBMCPP\LIB\cppom30.lib (D:\SwordCSD\crt\ctordtor.c)
	at offset 0000323c 00008H bytes from D:\IBMCPP\LIB\cppom30.lib (D:\SwordCSD\crt\dofmto.c)
	at offset 00003244 00002H bytes from D:\IBMCPP\LIB\cppom30.lib (D:\SwordCSD\crt\fpreset.asm)
	at offset 00003248 00004H bytes from D:\IBMCPP\LIB\cppom30.lib (D:\SwordCSD\crt\prtemsg.c)
	at offset 0000324c 0000CH bytes from D:\IBMCPP\LIB\cppom30.lib (D:\SwordCSD\crt\rcreate.c)
	at offset 00003258 0000CH bytes from D:\IBMCPP\LIB\cppom30.lib (D:\SwordCSD\crt\rheapmin.c)
	at offset 00003264 00028H bytes from D:\IBMCPP\LIB\cppom30.lib (D:\SwordCSD\crt\rmalloc.c)
	at offset 0000328c 00004H bytes from D:\IBMCPP\LIB\cppom30.lib (D:\SwordCSD\crt\dllstub.asm)
	at offset 00003290 00050H bytes from D:\IBMCPP\LIB\cppom30.lib (D:\SwordCSD\crt\closstrm.c)
	at offset 000032e0 00108H bytes from D:\IBMCPP\LIB\cppom30.lib (D:\SwordCSD\crt\ctypetbl.c)
	at offset 000033e8 00274H bytes from D:\IBMCPP\LIB\cppom30.lib (D:\SwordCSD\crt\edcinit.c)
	at offset 0000365c 00008H bytes from D:\IBMCPP\LIB\cppom30.lib (D:\SwordCSD\crt\fclose.c)
	at offset 00003664 00010H bytes from D:\IBMCPP\LIB\cppom30.lib (D:\SwordCSD\crt\fcloseal.c)
	at offset 00003674 00010H bytes from D:\IBMCPP\LIB\cppom30.lib (D:\SwordCSD\crt\fflush.c)
	at offset 00003684 00028H bytes from D:\IBMCPP\LIB\cppom30.lib (D:\SwordCSD\crt\fgets.c)
	at offset 000036ac 00008H bytes from D:\IBMCPP\LIB\cppom30.lib (D:\SwordCSD\crt\fopen.c)
	at offset 000036b4 00004H bytes from D:\IBMCPP\LIB\cppom30.lib (D:\SwordCSD\crt\fullpath.c)
	at offset 000036b8 00010H bytes from D:\IBMCPP\LIB\cppom30.lib (D:\SwordCSD\crt\getenv.c)
	at offset 000036c8 00074H bytes from D:\IBMCPP\LIB\cppom30.lib (D:\SwordCSD\crt\lccmap.c)
	at offset 0000373c 00268H bytes from D:\IBMCPP\LIB\cppom30.lib (D:\SwordCSD\crt\lccoll.c)
	at offset 000039a4 00538H bytes from D:\IBMCPP\LIB\cppom30.lib (D:\SwordCSD\crt\lcctype.c)
	at offset 00003edc 002C8H bytes from D:\IBMCPP\LIB\cppom30.lib (D:\SwordCSD\crt\lclocale.c)
	at offset 000041a4 00050H bytes from D:\IBMCPP\LIB\cppom30.lib (D:\SwordCSD\crt\lcmon.c)
	at offset 000041f4 00028H bytes from D:\IBMCPP\LIB\cppom30.lib (D:\SwordCSD\crt\lcnum.c)
	at offset 0000421c 00048H bytes from D:\IBMCPP\LIB\cppom30.lib (D:\SwordCSD\crt\lcresp.c)
	at offset 00004264 00074H bytes from D:\IBMCPP\LIB\cppom30.lib (D:\SwordCSD\crt\lcsyntax.c)
	at offset 000042d8 00418H bytes from D:\IBMCPP\LIB\cppom30.lib (D:\SwordCSD\crt\lctime.c)
	at offset 000046f0 00058H bytes from D:\IBMCPP\LIB\cppom30.lib (D:\SwordCSD\crt\lctod.c)
	at offset 00004748 00004H bytes from D:\IBMCPP\LIB\cppom30.lib (D:\SwordCSD\crt\localcns.c)
	at offset 0000474c 00004H bytes from D:\IBMCPP\LIB\cppom30.lib (D:\SwordCSD\crt\mblend.c)
	at offset 00004750 00004H bytes from D:\IBMCPP\LIB\cppom30.lib (D:\SwordCSD\crt\mbrlend.c)
	at offset 00004754 00054H bytes from D:\IBMCPP\LIB\cppom30.lib (D:\SwordCSD\crt\openstrm.c)
	at offset 000047a8 00004H bytes from D:\IBMCPP\LIB\cppom30.lib (D:\SwordCSD\crt\wctombd.c)
	at offset 000047ac 000ACH bytes from D:\IBMCPP\LIB\cppom30.lib (D:\SwordCSD\crt\n_except.c)

 0003:00004858 000000000H CTOR_DTOR1             DATA 32-bit

 0003:00004858 000000000H CTOR_DTOR2             DATA 32-bit

 0003:00004858 000000000H CTOR_DTOR3             DATA 32-bit

 0003:00004858 00000001CH EDC1                   EDC_CLASS 32-bit
	at offset 00000000 0001CH bytes from D:\IBMCPP\LIB\cppom30.lib (D:\SwordCSD\crt\n_excpta.asm)

 0003:00004874 000000474H EDC2                   EDC_CLASS 32-bit
	at offset 00000000 0000CH bytes from D:\IBMCPP\LIB\cppom30.lib (D:\SwordCSD\crt\begthrd.c)
	at offset 0000000c 0000CH bytes from D:\IBMCPP\LIB\cppom30.lib (D:\SwordCSD\crt\endthrd.c)
	at offset 00000018 0000CH bytes from D:\IBMCPP\LIB\cppom30.lib (D:\SwordCSD\crt\fastsem.c)
	at offset 00000024 00018H bytes from D:\IBMCPP\LIB\cppom30.lib (D:\SwordCSD\crt\fastsema.asm)
	at offset 0000003c 0000CH bytes from D:\IBMCPP\LIB\cppom30.lib (D:\SwordCSD\crt\freethrd.c)
	at offset 00000048 0000CH bytes from D:\IBMCPP\LIB\cppom30.lib (D:\SwordCSD\crt\threadid.c)
	at offset 00000054 0000CH bytes from D:\IBMCPP\LIB\cppom30.lib (D:\SwordCSD\crt\tsglobal.c)
	at offset 00000060 0000CH bytes from D:\IBMCPP\LIB\cppom30.lib (D:\SwordCSD\crt\sprintf.c)
	at offset 0000006c 0000CH bytes from D:\IBMCPP\LIB\cppom30.lib (D:\SwordCSD\crt\bufprint.c)
	at offset 00000078 0000CH bytes from D:\IBMCPP\LIB\cppom30.lib (D:\SwordCSD\crt\ccalloc.c)
	at offset 00000084 0000CH bytes from D:\IBMCPP\LIB\cppom30.lib (D:\SwordCSD\crt\cfree.c)
	at offset 00000090 0000CH bytes from D:\IBMCPP\LIB\cppom30.lib (D:\SwordCSD\crt\cmalloc.c)
	at offset 0000009c 0000CH bytes from D:\IBMCPP\LIB\cppom30.lib (D:\SwordCSD\crt\dofmto.c)
	at offset 000000a8 0000CH bytes from D:\IBMCPP\LIB\cppom30.lib (D:\SwordCSD\crt\fpreset.asm)
	at offset 000000b4 0000CH bytes from D:\IBMCPP\LIB\cppom30.lib (D:\SwordCSD\crt\interr.c)
	at offset 000000c0 0000CH bytes from D:\IBMCPP\LIB\cppom30.lib (D:\SwordCSD\crt\isspace.c)
	at offset 000000cc 0000CH bytes from D:\IBMCPP\LIB\cppom30.lib (D:\SwordCSD\crt\itoa.c)
	at offset 000000d8 0000CH bytes from D:\IBMCPP\LIB\cppom30.lib (D:\SwordCSD\crt\longjmp.asm)
	at offset 000000e4 0000CH bytes from D:\IBMCPP\LIB\cppom30.lib (D:\SwordCSD\crt\ltoa.c)
	at offset 000000f0 0000CH bytes from D:\IBMCPP\LIB\cppom30.lib (D:\SwordCSD\crt\memcpy.c)
	at offset 000000fc 0000CH bytes from D:\IBMCPP\LIB\cppom30.lib (D:\SwordCSD\crt\memmove.c)
	at offset 00000108 0000CH bytes from D:\IBMCPP\LIB\cppom30.lib (D:\SwordCSD\crt\memset.c)
	at offset 00000114 0000CH bytes from D:\IBMCPP\LIB\cppom30.lib (D:\SwordCSD\crt\prtemsg.c)
	at offset 00000120 0000CH bytes from D:\IBMCPP\LIB\cppom30.lib (D:\SwordCSD\crt\rheapmin.c)
	at offset 0000012c 0000CH bytes from D:\IBMCPP\LIB\cppom30.lib (D:\SwordCSD\crt\rmalloc.c)
	at offset 00000138 0000CH bytes from D:\IBMCPP\LIB\cppom30.lib (D:\SwordCSD\crt\setjmp.asm)
	at offset 00000144 0000CH bytes from D:\IBMCPP\LIB\cppom30.lib (D:\SwordCSD\crt\strcat.c)
	at offset 00000150 0000CH bytes from D:\IBMCPP\LIB\cppom30.lib (D:\SwordCSD\crt\strchr.c)
	at offset 0000015c 0000CH bytes from D:\IBMCPP\LIB\cppom30.lib (D:\SwordCSD\crt\strcmp.c)
	at offset 00000168 0000CH bytes from D:\IBMCPP\LIB\cppom30.lib (D:\SwordCSD\crt\strcpy.c)
	at offset 00000174 0000CH bytes from D:\IBMCPP\LIB\cppom30.lib (D:\SwordCSD\crt\strdup.c)
	at offset 00000180 0000CH bytes from D:\IBMCPP\LIB\cppom30.lib (D:\SwordCSD\crt\strlen.c)
	at offset 0000018c 0000CH bytes from D:\IBMCPP\LIB\cppom30.lib (D:\SwordCSD\crt\strncpy.c)
	at offset 00000198 0000CH bytes from D:\IBMCPP\LIB\cppom30.lib (D:\SwordCSD\crt\strrchr.c)
	at offset 000001a4 0000CH bytes from D:\IBMCPP\LIB\cppom30.lib (D:\SwordCSD\crt\strspn.asm)
	at offset 000001b0 0000CH bytes from D:\IBMCPP\LIB\cppom30.lib (D:\SwordCSD\crt\strtoul.c)
	at offset 000001bc 0000CH bytes from D:\IBMCPP\LIB\cppom30.lib (D:\SwordCSD\crt\terminat.c)
	at offset 000001c8 0000CH bytes from D:\IBMCPP\LIB\cppom30.lib (D:\SwordCSD\crt\toint.c)
	at offset 000001d4 0000CH bytes from D:\IBMCPP\LIB\cppom30.lib (D:\SwordCSD\crt\toupper.c)
	at offset 000001e0 0000CH bytes from D:\IBMCPP\LIB\cppom30.lib (D:\SwordCSD\crt\ultoa.c)
	at offset 000001ec 0000CH bytes from D:\IBMCPP\LIB\cppom30.lib (D:\SwordCSD\crt\weakfmt.c)
	at offset 000001f8 0000CH bytes from D:\IBMCPP\LIB\cppom30.lib (D:\SwordCSD\crt\bts.asm)
	at offset 00000204 0000CH bytes from D:\IBMCPP\LIB\cppom30.lib (D:\SwordCSD\crt\checkmem.c)
	at offset 00000210 0000CH bytes from D:\IBMCPP\LIB\cppom30.lib (D:\SwordCSD\crt\closstrm.c)
	at offset 0000021c 0000CH bytes from D:\IBMCPP\LIB\cppom30.lib (D:\SwordCSD\crt\ctypetbl.c)
	at offset 00000228 0000CH bytes from D:\IBMCPP\LIB\cppom30.lib (D:\SwordCSD\crt\edcinit.c)
	at offset 00000234 0000CH bytes from D:\IBMCPP\LIB\cppom30.lib (D:\SwordCSD\crt\edcmxdef.c)
	at offset 00000240 0000CH bytes from D:\IBMCPP\LIB\cppom30.lib (D:\SwordCSD\crt\edcterm.c)
	at offset 0000024c 0000CH bytes from D:\IBMCPP\LIB\cppom30.lib (D:\SwordCSD\crt\fclose.c)
	at offset 00000258 0000CH bytes from D:\IBMCPP\LIB\cppom30.lib (D:\SwordCSD\crt\fcloseal.c)
	at offset 00000264 0000CH bytes from D:\IBMCPP\LIB\cppom30.lib (D:\SwordCSD\crt\fclweak.c)
	at offset 00000270 0000CH bytes from D:\IBMCPP\LIB\cppom30.lib (D:\SwordCSD\crt\fflush.c)
	at offset 0000027c 0000CH bytes from D:\IBMCPP\LIB\cppom30.lib (D:\SwordCSD\crt\fgets.c)
	at offset 00000288 0000CH bytes from D:\IBMCPP\LIB\cppom30.lib (D:\SwordCSD\crt\fillb.c)
	at offset 00000294 0000CH bytes from D:\IBMCPP\LIB\cppom30.lib (D:\SwordCSD\crt\flush.c)
	at offset 000002a0 0000CH bytes from D:\IBMCPP\LIB\cppom30.lib (D:\SwordCSD\crt\flushb.c)
	at offset 000002ac 0000CH bytes from D:\IBMCPP\LIB\cppom30.lib (D:\SwordCSD\crt\fmprs.c)
	at offset 000002b8 0000CH bytes from D:\IBMCPP\LIB\cppom30.lib (D:\SwordCSD\crt\fopen.c)
	at offset 000002c4 0000CH bytes from D:\IBMCPP\LIB\cppom30.lib (D:\SwordCSD\crt\freefcb.c)
	at offset 000002d0 0000CH bytes from D:\IBMCPP\LIB\cppom30.lib (D:\SwordCSD\crt\fullpath.c)
	at offset 000002dc 0000CH bytes from D:\IBMCPP\LIB\cppom30.lib (D:\SwordCSD\crt\getenv.c)
	at offset 000002e8 00018H bytes from D:\IBMCPP\LIB\cppom30.lib (D:\SwordCSD\crt\incdec.asm)
	at offset 00000300 0000CH bytes from D:\IBMCPP\LIB\cppom30.lib (D:\SwordCSD\crt\initbuf.c)
	at offset 0000030c 0000CH bytes from D:\IBMCPP\LIB\cppom30.lib (D:\SwordCSD\crt\initfcb.c)
	at offset 00000318 0000CH bytes from D:\IBMCPP\LIB\cppom30.lib (D:\SwordCSD\crt\lccmap.c)
	at offset 00000324 0000CH bytes from D:\IBMCPP\LIB\cppom30.lib (D:\SwordCSD\crt\lccoll.c)
	at offset 00000330 0000CH bytes from D:\IBMCPP\LIB\cppom30.lib (D:\SwordCSD\crt\lcctype.c)
	at offset 0000033c 0000CH bytes from D:\IBMCPP\LIB\cppom30.lib (D:\SwordCSD\crt\lclocale.c)
	at offset 00000348 0000CH bytes from D:\IBMCPP\LIB\cppom30.lib (D:\SwordCSD\crt\lcmon.c)
	at offset 00000354 0000CH bytes from D:\IBMCPP\LIB\cppom30.lib (D:\SwordCSD\crt\lcnum.c)
	at offset 00000360 0000CH bytes from D:\IBMCPP\LIB\cppom30.lib (D:\SwordCSD\crt\lcresp.c)
	at offset 0000036c 0000CH bytes from D:\IBMCPP\LIB\cppom30.lib (D:\SwordCSD\crt\lcsyntax.c)
	at offset 00000378 0000CH bytes from D:\IBMCPP\LIB\cppom30.lib (D:\SwordCSD\crt\lctime.c)
	at offset 00000384 0000CH bytes from D:\IBMCPP\LIB\cppom30.lib (D:\SwordCSD\crt\lctod.c)
	at offset 00000390 0000CH bytes from D:\IBMCPP\LIB\cppom30.lib (D:\SwordCSD\crt\localcns.c)
	at offset 0000039c 0000CH bytes from D:\IBMCPP\LIB\cppom30.lib (D:\SwordCSD\crt\localcnv.c)
	at offset 000003a8 0000CH bytes from D:\IBMCPP\LIB\cppom30.lib (D:\SwordCSD\crt\matherr.c)
	at offset 000003b4 0000CH bytes from D:\IBMCPP\LIB\cppom30.lib (D:\SwordCSD\crt\mblen.c)
	at offset 000003c0 0000CH bytes from D:\IBMCPP\LIB\cppom30.lib (D:\SwordCSD\crt\mblend.c)
	at offset 000003cc 0000CH bytes from D:\IBMCPP\LIB\cppom30.lib (D:\SwordCSD\crt\mbrlen.c)
	at offset 000003d8 0000CH bytes from D:\IBMCPP\LIB\cppom30.lib (D:\SwordCSD\crt\mbrlend.c)
	at offset 000003e4 0000CH bytes from D:\IBMCPP\LIB\cppom30.lib (D:\SwordCSD\crt\noddprs.c)
	at offset 000003f0 0000CH bytes from D:\IBMCPP\LIB\cppom30.lib (D:\SwordCSD\crt\n_dumpwk.c)
	at offset 000003fc 0000CH bytes from D:\IBMCPP\LIB\cppom30.lib (D:\SwordCSD\crt\n_excrit.c)
	at offset 00000408 0000CH bytes from D:\IBMCPP\LIB\cppom30.lib (D:\SwordCSD\crt\openstrm.c)
	at offset 00000414 0000CH bytes from D:\IBMCPP\LIB\cppom30.lib (D:\SwordCSD\crt\setupenv.c)
	at offset 00000420 0000CH bytes from D:\IBMCPP\LIB\cppom30.lib (D:\SwordCSD\crt\stricmp.c)
	at offset 0000042c 0000CH bytes from D:\IBMCPP\LIB\cppom30.lib (D:\SwordCSD\crt\strnicmp.c)
	at offset 00000438 0000CH bytes from D:\IBMCPP\LIB\cppom30.lib (D:\SwordCSD\crt\uwrite.c)
	at offset 00000444 0000CH bytes from D:\IBMCPP\LIB\cppom30.lib (D:\SwordCSD\crt\wctomb.c)
	at offset 00000450 0000CH bytes from D:\IBMCPP\LIB\cppom30.lib (D:\SwordCSD\crt\wctombd.c)
	at offset 0000045c 0000CH bytes from D:\IBMCPP\LIB\cppom30.lib (D:\SwordCSD\crt\weakcput.c)
	at offset 00000468 0000CH bytes from D:\IBMCPP\LIB\cppom30.lib (D:\SwordCSD\crt\n_except.c)

 0003:00004CE8 000000004H EDC3                   EDC_CLASS 32-bit
	at offset 00000000 00004H bytes from D:\IBMCPP\LIB\cppom30.lib (D:\SwordCSD\crt\n_excpta.asm)

 0003:00004CEC 000000268H BSS32                  BSS 32-bit
	at offset 00000000 0003CH bytes from C:\work\c\amouse\Config\som2\amouse.obj (.\AMOUSE.c)
	at offset 0000003c 00008H bytes from C:\work\c\amouse\Config\som2\amousedata.obj (.\AMouseData.c)
	at offset 00000044 000A8H bytes from C:\work\c\amouse\Config\som2\commonDlg.obj (..\CommonDlg.c)
	at offset 000000ec 00004H bytes from D:\IBMCPP\LIB\cppom30.lib (D:\SwordCSD\crt\prtemsg.c)
	at offset 000000f0 00004H bytes from D:\IBMCPP\LIB\cppom30.lib (D:\SwordCSD\crt\rinit.c)
	at offset 000000f4 00008H bytes from D:\IBMCPP\LIB\cppom30.lib (D:\SwordCSD\crt\ctypetbl.c)
	at offset 000000fc 0001CH bytes from D:\IBMCPP\LIB\cppom30.lib (D:\SwordCSD\crt\edcinit.c)
	at offset 00000118 00104H bytes from D:\IBMCPP\LIB\cppom30.lib (D:\SwordCSD\crt\fullpath.c)
	at offset 0000021c 0001CH bytes from D:\IBMCPP\LIB\cppom30.lib (D:\SwordCSD\crt\lcctype.c)
	at offset 00000238 00010H bytes from D:\IBMCPP\LIB\cppom30.lib (D:\SwordCSD\crt\lclocale.c)
	at offset 00000248 0000BH bytes from D:\IBMCPP\LIB\cppom30.lib (D:\SwordCSD\crt\lcmon.c)
	at offset 00000254 00002H bytes from D:\IBMCPP\LIB\cppom30.lib (D:\SwordCSD\crt\lcnum.c)
	at offset 00000258 00003H bytes from D:\IBMCPP\LIB\cppom30.lib (D:\SwordCSD\crt\lctime.c)
	at offset 0000025c 0000CH bytes from D:\IBMCPP\LIB\cppom30.lib (D:\SwordCSD\crt\n_except.c)

 0003:00004F54 000000038H c_common               BSS 32-bit


 Origin   Group
 0000:0   FLAT
 0003:0   DGROUP

 Address       Export                  Alias

 0003:00002314 AMouseCClassData        AMouseCClassData
 0003:000022EC AMouseClassData         AMouseClassData
 0001:00000000 AMouseNewClass          AMouseNewClass
 0003:00002638 M_AMouseCClassData      M_AMouseCClassData
 0003:000025A0 M_AMouseClassData       M_AMouseClassData
 0001:00000140 M_AMouseNewClass        M_AMouseNewClass

  Address         Publics by Name

 0001:00002910       AboutDlgProc
 0001:000040F0       accelMultIndex2Value
 0001:00004110       accelMultValue2Index
 0001:0000411A       accelThreshIndex2Value
 0001:00004134       accelThreshValue2Index
 0003:00002314       AMouseCClassData
 0003:000022EC       AMouseClassData
 0001:00001D30       AMouseM_clsGetAccelDelay
 0001:00001F70       AMouseM_clsGetAccelLevel1
 0001:000020F0       AMouseM_clsGetAccelLevel2
 0001:00002030       AMouseM_clsGetAccelLvl1Mult
 0001:000021B0       AMouseM_clsGetAccelLvl2Mult
 0001:00001DF0       AMouseM_clsGetAccelValue
 0001:0000270E       AMouseM_clsGetApplications
 0001:00002440       AMouseM_clsGetBtnKeyCombMP1
 0001:00002560       AMouseM_clsGetBtnKeyCombMP2
 0001:000022D4       AMouseM_clsGetBtnMode
 0001:00002800       AMouseM_clsGetPMCtlsFlags
 0001:00001EB0       AMouseM_clsGetPollingRate
 0001:00001910       AMouseM_clsGetScrollMode
 0001:00001A50       AMouseM_clsGetScrollNum
 0001:000028C0       AMouseM_clsGetSmartCruise
 0001:00001C70       AMouseM_clsGetStartupMode
 0001:00002650       AMouseM_clsGetWheelCount
 0001:00001B80       AMouseM_clsGetWheelTarget
 0001:00001824       AMouseM_clsSaveData
 0001:00001CC0       AMouseM_clsSetAccelDelay
 0001:00001F00       AMouseM_clsSetAccelLevel1
 0001:00002080       AMouseM_clsSetAccelLevel2
 0001:00001FC0       AMouseM_clsSetAccelLvl1Mult
 0001:00002140       AMouseM_clsSetAccelLvl2Mult
 0001:00001D7A       AMouseM_clsSetAccelValue
 0001:000026A0       AMouseM_clsSetApplications
 0001:00002390       AMouseM_clsSetBtnKeyCombMP1
 0001:000024BA       AMouseM_clsSetBtnKeyCombMP2
 0001:00002200       AMouseM_clsSetBtnMode
 0001:00002798       AMouseM_clsSetPMCtlsFlags
 0001:00001E40       AMouseM_clsSetPollingRate
 0001:00001860       AMouseM_clsSetScrollMode
 0001:000019A2       AMouseM_clsSetScrollNum
 0001:00002850       AMouseM_clsSetSmartCruise
 0001:00001C00       AMouseM_clsSetStartupMode
 0001:000025DA       AMouseM_clsSetWheelCount
 0001:00001AD0       AMouseM_clsSetWheelTarget
 0001:00001022       AMouseM_wpclsInitData
 0001:000017C6       AMouseM_wpclsQueryDefaultHelp
 0001:00001730       AMouseM_wpclsQueryDefaultView
 0001:00001766       AMouseM_wpclsQueryIcon
 0001:0000169E       AMouseM_wpclsUnInitData
 0001:00000000       AMouseNewClass
 0001:00000370       AMouseX_AddDeviceInfoPage
 0001:00000550       AMouseX_AddKeySettings1Page
 0001:000005D0       AMouseX_AddKeySettings2Page
 0001:00000AA6       AMouseX_AddTimingSettingsPage
 0001:00000648       AMouseX_AddWheelSettings1Page
 0001:000007C6       AMouseX_AddWheelSettings2Page
 0001:000008E6       AMouseX_AddWheelSettings3Page
 0001:000003F0       AMouseX_AddWlDeviceInfoPage
 0001:00000A06       AMouseX_RemoveUnusedMousePage
 0001:000004A0       AMouseX_wpAddMouseMappingsPage
 0001:00000A4C       AMouseX_wpAddMouseTimingPage
 0001:00000B1E       AMouseX_wpAddSettingsPages
 0001:00000D60       AMouseX_wpFilterPopupMenu
 0001:00000E26       AMouseX_wpMenuItemSelected
 0001:00000CF0       AMouseX_wpModifyPopupMenu
 0001:00000EA0       AMouseX_wpOpen
 0001:00000F2C       AMouseX_wpSetup
 0001:00003048       appendString
 0001:0000489C       ApplDeleteEntry
 0001:000045D6       ApplFreeEntries
 0001:00004602       ApplInsertNewEntry
 0001:00004674       ApplMoveEntry
 0001:00004588       ApplNumOfEntries
 0001:000041B2       ApplProfile2Struct
 0001:000043F6       ApplStruct2Profile
 0001:00003C78       asyncMessageBox
 0001:000097E0       atous
 0001:00004960       BatteryCheckThread
 0001:00008E9A       BattStateWndProc
 0003:00004F70       bIsWarp4
 0001:00003310       calcControlId
 0001:0000A900       calloc
 0001:00003280       checkForWheelMouse
 0001:00009CE0       checkHelpFile
 0001:00003550       describeKey
 0001:00009E50       DetermineHelpFileName
 0001:00009C60       determineLangFile
 0001:000030C0       determineMouseType
 0001:000087C0       DeviceInfoCommand
 0001:00002EC0       DeviceInfoDlgProc
 0001:00007FB4       DeviceInfoInitDlg
 0001:0001367E       Dos32GetMessage
 0001:0001367E       DOS32GETMESSAGE
 0000:00000000  Imp  DOS32IQUERYMESSAGECP (MSG.8)
 0000:00000000  Imp  DOS32TRUEGETMESSAGE  (MSG.6)
 0000:00000000  Imp  DosAllocMem          (DOSCALLS.299)
 0000:00000000  Imp  DosAllocSharedMem    (DOSCALLS.300)
 0000:00000000  Imp  DosClose             (DOSCALLS.257)
 0000:00000000  Imp  DosCloseEventSem     (DOSCALLS.326)
 0000:00000000  Imp  DosCreateEventSem    (DOSCALLS.324)
 0000:00000000  Imp  DosCreateThread      (DOSCALLS.311)
 0000:00000000  Imp  DosDevIOCtl          (DOSCALLS.284)
 0000:00000000  Imp  DosExit              (DOSCALLS.234)
 0000:00000000  Imp  DosForceDelete       (DOSCALLS.110)
 0000:00000000  Imp  DosFreeMem           (DOSCALLS.304)
 0000:00000000  Imp  DosFreeModule        (DOSCALLS.322)
 0000:00000000  Imp  DosFreeResource      (DOSCALLS.353)
 0000:00000000  Imp  DosGetInfoBlocks     (DOSCALLS.312)
 0001:0001367E       DOSGETMESSAGE
 0001:0001367E       DosGetMessage
 0000:00000000  Imp  DosGetResource       (DOSCALLS.352)
 0000:00000000  Imp  DosInsertMessage     (MSG.4)
 0000:00000000  Imp  DosLoadModule        (DOSCALLS.318)
 0000:00000000  Imp  DosOpen              (DOSCALLS.273)
 0000:00000000  Imp  DosOpenEventSem      (DOSCALLS.325)
 0000:00000000  Imp  DosPostEventSem      (DOSCALLS.328)
 0000:00000000  Imp  DosQueryDBCSEnv      (NLS.6)
 0000:00000000  Imp  DosQueryHType        (DOSCALLS.224)
 0000:00000000  Imp  DosQueryModuleHandle (DOSCALLS.319)
 0000:00000000  Imp  DosQueryModuleName   (DOSCALLS.320)
 0000:00000000  Imp  DosQueryPathInfo     (DOSCALLS.223)
 0000:00000000  Imp  DosQueryResourceSize (DOSCALLS.572)
 0000:00000000  Imp  DosQuerySysInfo      (DOSCALLS.348)
 0000:00000000  Imp  DosRaiseException    (DOSCALLS.356)
 0000:00000000  Imp  DosRead              (DOSCALLS.281)
 0000:00000000  Imp  DosResetEventSem     (DOSCALLS.327)
 0000:00000000  Imp  DosSearchPath        (DOSCALLS.228)
 0000:00000000  Imp  DosSetExceptionHandler (DOSCALLS.354)
 0000:00000000  Imp  DosSetFilePtr        (DOSCALLS.256)
 0000:00000000  Imp  DosSetFileSize       (DOSCALLS.272)
 0000:00000000  Imp  DosSetRelMaxFH       (DOSCALLS.382)
 0000:00000000  Imp  DosSetSignalExceptionFocus (DOSCALLS.378)
 0000:00000000  Imp  DosSleep             (DOSCALLS.229)
 0000:00000000  Imp  DosUnsetExceptionHandler (DOSCALLS.355)
 0000:00000000  Imp  DosUnwindException   (DOSCALLS.357)
 0000:00000000  Imp  DosWaitEventSem      (DOSCALLS.329)
 0000:00000000  Imp  DosWrite             (DOSCALLS.282)
 0001:0000F894       fclose
 0001:0000FA88       fflush
 0001:0000FBDC       fgets
 0001:00004F30       FillApplicationEntries
 0001:00004DA0       FillApplicationListBox
 0001:00003370       findResourceString
 0001:00010FAC       fopen
 0001:0000A940       free
 0001:00003F90       getButtonCount
 0001:00002FE0       getDefaultKeySetting
 0001:000113A0       getenv
 0001:00003CE0       getLogiInfo
 0001:00003D40       getLogiType
 0001:00009B30       getVendorName
 0001:00004010       getWheelCount
 0000:00000000  Imp  GpiCreateLogColorTable (PMGPI.592)
 0000:00000000  Imp  GpiDeleteBitmap      (PMGPI.371)
 0000:00000000  Imp  GpiLoadBitmap        (PMGPI.399)
 0000:00000000  Imp  GpiQueryBackMix      (PMGPI.425)
 0000:00000000  Imp  GpiQueryBitmapInfoHeader (PMGPI.601)
 0000:00000000  Imp  GpiSetBackColor      (PMGPI.504)
 0000:00000000  Imp  GpiSetBackMix        (PMGPI.505)
 0000:00000000  Imp  GpiWCBitBlt          (PMGPI.557)
 0003:00004F5C       hab
 0003:00004CEC       hevWheelThreadUpdate
 0003:00004D28       hmod
 0003:00004D2C       hmodLng
 0001:00009290       InsertApplicationCommand
 0001:000095C0       InsertApplicationControl
 0001:00009264       InsertApplicationDestroy
 0001:00009010       InsertApplicationDlgProc
 0001:000097A0       InsertApplicationHelp
 0001:000090BA       InsertApplicationInitDlg
 0001:00003B80       insertKeyCombString
 0001:0000C1C8       isspace
 0001:000034F4       isValidKey
 0001:000053A2       KeyCombinationDialogProc
 0001:000059B0       KeySettings1Command
 0001:00005D04       KeySettings1Control
 0001:000058E8       KeySettings1Destroy
 0001:00002A80       KeySettings1DlgProc
 0001:00005560       KeySettings1InitDlg
 0001:00006066       KeySettings2Command
 0001:000062C4       KeySettings2Control
 0001:0000603A       KeySettings2Destroy
 0001:00002B3C       KeySettings2DlgProc
 0001:00005ED6       KeySettings2InitDlg
 0001:00009D6C       LoadLanguageModule
 0001:00011730       localeconv
 0001:0000C280       longjmp
 0001:0000A96C       malloc
 0001:00011760       mblen
 0001:00011854       mbrlen
 0001:0000C388       memcpy
 0001:0000C3AC       memmove
 0001:0000C3EC       memset
 0001:00003C10       messageThread
 0003:00002638       M_AMouseCClassData
 0003:000025A0       M_AMouseClassData
 0001:00000140       M_AMouseNewClass
 0000:00000000  Imp  M_WPMouseNewClass    (WPCONFIG.118)
 0000:00000000  Imp  M_WPObjectClassData  (PMWP.323)
 0003:00004D54       pfnwpEntryField
 0003:00004D48       pOldBattStateWndProc
 0001:00004080       pollRateIndex2Value
 0001:000040A0       pollRateValue2Index
 0001:00003422       populateComboboxes
 0000:00000000  Imp  PrfQueryProfileData  (PMSHAPI.117)
 0000:00000000  Imp  PrfQueryProfileInt   (PMSHAPI.114)
 0000:00000000  Imp  PrfWriteProfileData  (PMSHAPI.118)
 0000:00000000  Imp  PrfWriteProfileString (PMSHAPI.116)
 0003:00003098       pszMessage
 0003:00003028       pszMode
 0003:00003074       pszOptionStd
 0003:0000304C       pszRelation
 0001:000099C0       readMouseType
 0001:0000985C       readVendorName
 0001:00004CF0       ReturnSpinIndex
 0001:00004D50       ReturnSpinTextIndex
 0001:00004AB0       SetButtonsWheelSettings1
 0001:0000413E       setClipboard
 0001:00004A9A       SetDebugMode
 0001:00002F70       setDefaultKeySettings
 0001:0000E820       setjmp
 0001:0000026A       setPageinfo
 0001:00004BB4       SetWheelSettings2Controls
 0001:0001366C       sig32
 0000:00000000  Imp  somBuildClass        (som.49)
 0000:00000000  Imp  SOMClassClassData    (som.3)
 0000:00000000  Imp  SOMClassMgrClassData (som.6)
 0000:00000000  Imp  SOMClassMgrObject    (som.7)
 0000:00000000  Imp  SOMFree              (som.10)
 0000:00000000  Imp  somIdFromString      (som.31)
 0000:00000000  Imp  SOMObjectClassData   (som.14)
 0000:00000000  Imp  somParentNumResolve  (som.50)
 0000:00000000  Imp  somPrintf            (som.35)
 0000:00000000  Imp  SOM_TraceLevel       (som.18)
 0003:000035A0       stderr
 0003:00003598       stdin
 0003:0000359C       stdout
 0001:0000E85C       strcat
 0001:0000E894       strchr
 0001:0000E8B8       strcmp
 0001:0000E8D8       strcpy
 0001:0000E908       strdup
 0001:00012868       stricmp
 0001:0000E968       strlen
 0001:0000E980       strncpy
 0001:00012900       strnicmp
 0001:0000E9B8       strrchr
 0001:0000E9DC       strspn
 0001:0000EA18       strtoul
 0003:00002CE8       szHelpFile
 0003:00002CE0       szModuleName
 0001:00007ABA       TimingSettingsCommand
 0001:00007DE0       TimingSettingsControl
 0001:00007A8E       TimingSettingsDestroy
 0001:00002E0E       TimingSettingsDlgProc
 0001:00007740       TimingSettingsInitDlg
 0001:0000EC98       toupper
 0003:000030B8       usMessage
 0003:00003040       usMode
 0003:0000308C       usOptionStd
 0003:00003068       usRelation
 0001:00012C54       wctomb
 0001:0000666C       WheelSettings1Command
 0001:00006830       WheelSettings1Control
 0001:00006640       WheelSettings1Destroy
 0001:00002BEE       WheelSettings1DlgProc
 0001:00006490       WheelSettings1InitDlg
 0001:00006E8C       WheelSettings2Command
 0001:0000710E       WheelSettings2Control
 0001:00006E60       WheelSettings2Destroy
 0001:00002CAA       WheelSettings2DlgProc
 0001:00006AFA       WheelSettings2InitDlg
 0001:000073DE       WheelSettings3Command
 0001:00007642       WheelSettings3Control
 0001:0000739C       WheelSettings3Destroy
 0001:00002D5C       WheelSettings3DlgProc
 0001:000072E4       WheelSettings3InitDlg
 0000:00000000  Imp  WinAlarm             (PMWIN.701)
 0000:00000000  Imp  WinBeginPaint        (PMWIN.703)
 0000:00000000  Imp  WinCancelShutdown    (PMWIN.705)
 0000:00000000  Imp  WinCloseClipbrd      (PMWIN.707)
 0000:00000000  Imp  WinCopyAccelTable    (PMWIN.709)
 0000:00000000  Imp  WinCreateAccelTable  (PMWIN.713)
 0000:00000000  Imp  WinCreateMsgQueue    (PMWIN.716)
 0000:00000000  Imp  WinDefDlgProc        (PMWIN.910)
 0000:00000000  Imp  WinDestroyMsgQueue   (PMWIN.726)
 0000:00000000  Imp  WinDestroyWindow     (PMWIN.728)
 0000:00000000  Imp  WinDismissDlg        (PMWIN.729)
 0000:00000000  Imp  WinDlgBox            (PMWIN.923)
 0000:00000000  Imp  WinEmptyClipbrd      (PMWIN.733)
 0000:00000000  Imp  WinEnableWindow      (PMWIN.735)
 0000:00000000  Imp  WinEndPaint          (PMWIN.738)
 0000:00000000  Imp  WinFillRect          (PMWIN.743)
 0000:00000000  Imp  WinFreeFileIcon      (PMWP.216)
 0000:00000000  Imp  WinLoadDlg           (PMWIN.924)
 0000:00000000  Imp  WinLoadPointer       (PMWIN.780)
 0000:00000000  Imp  WinLoadString        (PMWIN.781)
 0000:00000000  Imp  WinMessageBox        (PMWIN.789)
 0000:00000000  Imp  WinMessageBox2       (PMMERGE.5417)
 0000:00000000  Imp  WinOpenClipbrd       (PMWIN.793)
 0000:00000000  Imp  WinPostMsg           (PMWIN.919)
 0000:00000000  Imp  WinQueryAccelTable   (PMWIN.798)
 0000:00000000  Imp  WinQueryAnchorBlock  (PMWIN.800)
 0000:00000000  Imp  WinQueryDlgItemText  (PMWIN.815)
 0000:00000000  Imp  WinQuerySysColor     (PMWIN.826)
 0000:00000000  Imp  WinQueryWindowPtr    (PMWIN.839)
 0000:00000000  Imp  WinQueryWindowRect   (PMWIN.840)
 0000:00000000  Imp  WinQueryWindowULong  (PMWIN.843)
 0000:00000000  Imp  WinSendDlgItemMsg    (PMWIN.903)
 0000:00000000  Imp  WinSendMsg           (PMWIN.920)
 0000:00000000  Imp  WinSetAccelTable     (PMWIN.850)
 0000:00000000  Imp  WinSetClipbrdData    (PMWIN.854)
 0000:00000000  Imp  WinSetDlgItemText    (PMWIN.859)
 0000:00000000  Imp  WinSetWindowPtr      (PMWIN.876)
 0000:00000000  Imp  WinSetWindowText     (PMWIN.877)
 0000:00000000  Imp  WinSetWindowULong    (PMWIN.878)
 0000:00000000  Imp  WinShowWindow        (PMWIN.883)
 0000:00000000  Imp  WinSubclassWindow    (PMWIN.929)
 0000:00000000  Imp  WinWindowFromID      (PMWIN.899)
 0001:00008E02       WlDeviceInfoControl
 0001:00002F0E       WlDeviceInfoDlgProc
 0001:00008B84       WlDeviceInfoInitDlg
 0000:00000000  Imp  WPMouseClassData     (WPCONFIG.17)
 0000:00000000  Imp  WPMouseNewClass      (WPCONFIG.18)
 0000:00000000  Imp  WPObjectClassData    (PMWP.23)
 0001:0000A29C       _beginthread
 0001:0000ED60       _bit_test_set
 0001:0000A82C       _bufprint
 0001:0000ED70       _CheckIfMem
 0001:0000A57C       _CloseSem
 0001:0000EDB8       _CloseStream
 0001:0000F00C       _convert
 0001:0000A554       _CreateSem
 0001:000120B0       _critlib_except
 0001:00009F78       _CrtGetLocalData
 0001:0000A254       _CrtInitThread
 0001:0000F370       _CRT_init
 0003:00003234       _crt_msg_handle
 0001:0000F6C0       _CRT_term
 0003:00004DF0       _CRT_usage_count
 0003:00004DE0       _ctype
 0003:000033E4       _ctypeModule
 0003:00004F1C       _ctype_cmask
 0003:00004F18       _ctype_ctypeidx
 0003:00004F14       _ctype_lower
 0003:00004F0C       _ctype_loweridx
 0003:00004F20       _ctype_mask
 0003:00004F10       _ctype_upper
 0003:00004F08       _ctype_upperidx
 0003:000036D0       _C_charmap
 0003:0000393C       _C_collate
 0003:00003E88       _C_ctype
 0003:00004550       _C_dtconv
 0003:00004050       _C_lconv
 0003:00004090       _C_locale
 0003:000041A4       _C_monetary
 0003:000041F8       _C_numeric
 0003:00004240       _C_resp
 0003:00004288       _C_syntax
 0003:00004600       _C_time
 0003:000046FC       _C_tod
 0003:00003650       _daylight
 0003:00004F54       _dbg_mem_sem
 0001:00011508       _dec_test
 0003:0000328C       _dllentry
 0001:0000E7D8       _DLL_InitTerm
 0003:00004CEC       _edata
 0003:00004DE8       _edcinit_fin
 0003:00004F64       _eh_base
 0003:00004F8C       _end
 0001:0000A320       _endthread
 0003:00004F74       _environ
 0001:0000A7B0       _errno
 0001:00012044       _Exception
 0001:000135E8       _exception_dllinit
 0001:00013618       _exception_procinit
 0001:00012EE4       _EXE_Exception
 0001:0000F994       _fcloseall
 0001:0000FA80       _fcloseall_weak
 0001:00010340       _fillb
 0003:00004868       _firsteib
 0001:00010580       _Flush
 0001:00010724       _flushb
 0001:00010A80       _Fmprs
 0003:00003670       _fopenused
 0001:0000C170       _fpreset
 0001:0000F20C       _freeCtype
 0001:0000F31C       _freeCtype_weak
 0001:000110B0       _FreeFCB
 0001:0000F314       _freeLocale_weak
 0001:0000A5AC       _freeThreadStorage
 0001:00011178       _fullpath
 0001:00012E78       _get_eib
 0001:00012074       _get_seglim
 0001:0000F30C       _iconv_term_weak
 0001:00011500       _inc
 0001:00011518       _InitBuf
 0001:00011560       _InitFCB
 0001:0000F228       _init_ctype
 0001:0000F318       _init_ctype_weak
 0001:00011FEC       _input_excpt
 0001:0000ACE8       _insert_thou_sep
 0001:0000C180       _internal_err
 0001:0000D544       _int_rfree
 0001:0000C980       _int_uaddmem
 0001:0000CBEC       _int_uheapmin
 0001:0000E454       _int_umalloc
 0001:0000C1DC       _itoa
 0003:00004CE8       _lasteib
 0001:00013064       _Lib_excpt
 0003:00004DEC       _locale_initialized
 0001:0000F310       _localInit_weak
 0001:0000C2E4       _ltoa
 0001:0001174C       _matherr
 0003:000047AC       _matherr_ptr
 0001:0000F6B8       _Math_Exception_Def
 0003:00003738       _mb_cur_max
 0001:0000C468       _MesgServ
 0001:00012ED4       _mig_eib_store
 0001:0000C10C       _nConv
 0001:00011EB0       _noddprs
 0001:0000A540       _OpenSem
 0001:0001252C       _OpenStream
 0003:00004F78       _osmajor
 0003:00004F79       _osminor
 0003:00003658       _osmode
 0003:0000364C       _PGLOBAL_PTR
 0001:0000C41C       _PrintErrMsg
 0001:000129B8       _readbSync
 0001:00012F24       _recreate_exception
 0001:00012068       _Regen_exception
 0003:00004F7C       _reg_heap
 0001:0000A59C       _ReleaseSem
 0001:0000A58C       _RequestSem
 0001:0000CE8C       _rmem_init
 0001:0000CE48       _rmem_term
 0001:0000D368       _rnode_delete
 0001:000127A0       _setupenv
 0001:0000A9A8       _set_crt_msg_handle
 0001:0000C0BC       _signedAssign
 0001:0000A7D0       _sprintfieee
 0001:0000A80C       _sprintf_ansi
 0001:0000EAFC       _terminate
 0003:00004F80       _TerminateAndDumpSem
 0001:0001205C       _Test_and_reset
 0001:0000F320       _test_handle
 0003:00003654       _timezone
 0001:0000EB0C       _toint
 0003:00004F68       _tzname
 0001:0000C8C0       _uaddmem
 0001:0000C62C       _ucalloc
 0001:0000C710       _ucreate
 0001:0000D3B8       _ufree
 0001:0000CB3C       _uheapmin
 0001:0000ECB0       _ultoa
 0001:0000D48C       _umalloc
 0001:00012C10       _uwrite
 0003:00004F88       _walk_used
 0001:00012D94       _wcputs
 0001:00012DC4       _wfgetposMem
 0001:0000ED2C       _wfloatfmt
 0001:00012DA4       _wfsetposMem
 0001:00012DBC       _wOpenMemory
 0001:00012DA0       _wreadbSyncMem
 0001:00012DB8       _wRemoveMem
 0001:00012DB4       _wrewindMem
 0001:00012DAC       _wSeekMem
 0001:00012DD8       _wtellMem
 0001:00012D9C       _wuwriteMem
 0001:0000ED48       _w_int_uflush
 0001:0000ED50       _w_int_unlink_item
 0001:00012DEC       _w_raise
 0001:00011F6C       _w_Terminate_and_dump
 0001:0000ED58       _w_tmem_init
 0001:0000ED54       _w_tmem_term
 0001:0000ED4C       _w_uheap_verify
 0001:0000ED5C       _w_walking
 0001:00012DF4       _XDosRead
 0001:0001365C       __Async_exception_flag
 0001:0000A760       __broken_time_ptr
 0001:00011E00       __charmap_init
 0001:00011DFC       __collate_init
 0001:0000A670       __conv_buf
 0001:0000A7C0       __cppstore
 0003:00003238       __ctdtused
 0003:00004F60       __ctordtorCurrent
 0003:00004858       __ctordtorEnd
 0001:0000AA14       __ctordtorInit
 0003:00004858       __ctordtorStart
 0001:0000A9DC       __ctordtorTerm
 0001:00011E10       __ctype_init
 0001:0000A750       __cvt_buf_ptr
 0003:00004DE4       __c_local_ctype
 0001:0000A6B4       __default_heap
 0001:0000BB2C       __dofmto
 0001:0000A7A0       __doserrno
 0001:0000A790       __dttm_ptr
 0001:0001319C       __Exception
 0001:0000A770       __flags
 0001:0000A4D8       __handleCollision
 0001:0000A730       __internal_buf_ptr
 0001:0000A740       __lcvt_buf_ptr
 0003:00003734       __lc_charmap
 0003:000039A0       __lc_collate
 0003:00003ED8       __lc_ctype
 0003:000041A0       __lc_locale
 0003:000041F0       __lc_monetary
 0003:00004218       __lc_numeric
 0003:00004260       __lc_resp
 0003:000042D4       __lc_syntax
 0003:000046EC       __lc_time
 0003:00004744       __lc_tod
 0001:00011724       __localeconv_dummy
 0001:00011718       __localeconv_std
 0003:00004748       __localeconv_std_flag
 0001:00011E14       __locale_init
 0001:00011784       __mblen_dbcs
 0003:0000474C       __mblen_dbcs_flag
 0001:00011754       __mblen_dummy
 0001:00011888       __mbrlen_dbcs
 0003:00004750       __mbrlen_dbcs_flag
 0001:00011848       __mbrlen_dummy
 0001:0000F308       __method_weak
 0001:00011C94       __monetary_init
 0001:00011C40       __numeric_init
 0001:0000A4B4       __pendingRequest
 0001:0000A720       __perror_msg_ptr
 0001:0000A6E4       __random_seed
 0001:00011990       __resp_init
 0001:0001364C       __Saved_return_address
 0001:0000A780       __strerror_msg_ptr
 0001:0000A700       __strtok_pos
 0001:0000A6D4       __swprintf_buf
 0001:0000A6C4       __swprintf_size
 0001:0001198C       __syntax_init
 0001:0000A710       __tempname_ptr
 0001:0000A664       __threadid
 0001:000119B0       __time_init
 0001:00011988       __tod_init
 0001:0000A6F4       __version
 0001:00012C7C       __wctomb_dbcs
 0003:000047A8       __wctomb_dbcs_flag
 0001:00012C48       __wctomb_dummy

  Address         Publics by Value

 0000:00000000  Imp  WPMouseNewClass      (WPCONFIG.18)
 0000:00000000  Imp  DosQueryDBCSEnv      (NLS.6)
 0000:00000000  Imp  DosOpenEventSem      (DOSCALLS.325)
 0000:00000000  Imp  DosGetInfoBlocks     (DOSCALLS.312)
 0000:00000000  Imp  WinSetWindowPtr      (PMWIN.876)
 0000:00000000  Imp  DosSetSignalExceptionFocus (DOSCALLS.378)
 0000:00000000  Imp  WinEmptyClipbrd      (PMWIN.733)
 0000:00000000  Imp  WinEnableWindow      (PMWIN.735)
 0000:00000000  Imp  GpiQueryBackMix      (PMGPI.425)
 0000:00000000  Imp  WinCloseClipbrd      (PMWIN.707)
 0000:00000000  Imp  WinSetAccelTable     (PMWIN.850)
 0000:00000000  Imp  DosInsertMessage     (MSG.4)
 0000:00000000  Imp  WinCopyAccelTable    (PMWIN.709)
 0000:00000000  Imp  DosQueryPathInfo     (DOSCALLS.223)
 0000:00000000  Imp  DosCloseEventSem     (DOSCALLS.326)
 0000:00000000  Imp  DosPostEventSem      (DOSCALLS.328)
 0000:00000000  Imp  SOMClassClassData    (som.3)
 0000:00000000  Imp  WPMouseClassData     (WPCONFIG.17)
 0000:00000000  Imp  WPObjectClassData    (PMWP.23)
 0000:00000000  Imp  somIdFromString      (som.31)
 0000:00000000  Imp  DosWaitEventSem      (DOSCALLS.329)
 0000:00000000  Imp  DosResetEventSem     (DOSCALLS.327)
 0000:00000000  Imp  WinSetClipbrdData    (PMWIN.854)
 0000:00000000  Imp  DosFreeResource      (DOSCALLS.353)
 0000:00000000  Imp  DosUnsetExceptionHandler (DOSCALLS.355)
 0000:00000000  Imp  WinLoadPointer       (PMWIN.780)
 0000:00000000  Imp  DosForceDelete       (DOSCALLS.110)
 0000:00000000  Imp  SOM_TraceLevel       (som.18)
 0000:00000000  Imp  DosQueryHType        (DOSCALLS.224)
 0000:00000000  Imp  WinShowWindow        (PMWIN.883)
 0000:00000000  Imp  WinMessageBox2       (PMMERGE.5417)
 0000:00000000  Imp  DosLoadModule        (DOSCALLS.318)
 0000:00000000  Imp  WinDismissDlg        (PMWIN.729)
 0000:00000000  Imp  DosFreeModule        (DOSCALLS.322)
 0000:00000000  Imp  WinMessageBox        (PMWIN.789)
 0000:00000000  Imp  WinFreeFileIcon      (PMWP.216)
 0000:00000000  Imp  DosSearchPath        (DOSCALLS.228)
 0000:00000000  Imp  WinQueryDlgItemText  (PMWIN.815)
 0000:00000000  Imp  GpiSetBackColor      (PMGPI.504)
 0000:00000000  Imp  GpiDeleteBitmap      (PMGPI.371)
 0000:00000000  Imp  DosCreateThread      (DOSCALLS.311)
 0000:00000000  Imp  DosGetResource       (DOSCALLS.352)
 0000:00000000  Imp  WinOpenClipbrd       (PMWIN.793)
 0000:00000000  Imp  DosSetFileSize       (DOSCALLS.272)
 0000:00000000  Imp  GpiQueryBitmapInfoHeader (PMGPI.601)
 0000:00000000  Imp  DosSetRelMaxFH       (DOSCALLS.382)
 0000:00000000  Imp  WinWindowFromID      (PMWIN.899)
 0000:00000000  Imp  WinCreateAccelTable  (PMWIN.713)
 0000:00000000  Imp  DosQuerySysInfo      (DOSCALLS.348)
 0000:00000000  Imp  WinDlgBox            (PMWIN.923)
 0000:00000000  Imp  somParentNumResolve  (som.50)
 0000:00000000  Imp  DosClose             (DOSCALLS.257)
 0000:00000000  Imp  WinDestroyMsgQueue   (PMWIN.726)
 0000:00000000  Imp  DosSleep             (DOSCALLS.229)
 0000:00000000  Imp  WinAlarm             (PMWIN.701)
 0000:00000000  Imp  DosExit              (DOSCALLS.234)
 0000:00000000  Imp  DosUnwindException   (DOSCALLS.357)
 0000:00000000  Imp  WinQueryWindowRect   (PMWIN.840)
 0000:00000000  Imp  DosWrite             (DOSCALLS.282)
 0000:00000000  Imp  WinPostMsg           (PMWIN.919)
 0000:00000000  Imp  DOS32TRUEGETMESSAGE  (MSG.6)
 0000:00000000  Imp  DosQueryModuleHandle (DOSCALLS.319)
 0000:00000000  Imp  M_WPObjectClassData  (PMWP.323)
 0000:00000000  Imp  PrfWriteProfileData  (PMSHAPI.118)
 0000:00000000  Imp  DOS32IQUERYMESSAGECP (MSG.8)
 0000:00000000  Imp  DosFreeMem           (DOSCALLS.304)
 0000:00000000  Imp  PrfQueryProfileData  (PMSHAPI.117)
 0000:00000000  Imp  WinSendMsg           (PMWIN.920)
 0000:00000000  Imp  WinQueryAnchorBlock  (PMWIN.800)
 0000:00000000  Imp  WinLoadDlg           (PMWIN.924)
 0000:00000000  Imp  somPrintf            (som.35)
 0000:00000000  Imp  DosRaiseException    (DOSCALLS.356)
 0000:00000000  Imp  WinDestroyWindow     (PMWIN.728)
 0000:00000000  Imp  WinSetDlgItemText    (PMWIN.859)
 0000:00000000  Imp  WinSetWindowText     (PMWIN.877)
 0000:00000000  Imp  WinQuerySysColor     (PMWIN.826)
 0000:00000000  Imp  SOMClassMgrObject    (som.7)
 0000:00000000  Imp  WinSendDlgItemMsg    (PMWIN.903)
 0000:00000000  Imp  WinSubclassWindow    (PMWIN.929)
 0000:00000000  Imp  WinCancelShutdown    (PMWIN.705)
 0000:00000000  Imp  WinCreateMsgQueue    (PMWIN.716)
 0000:00000000  Imp  DosAllocSharedMem    (DOSCALLS.300)
 0000:00000000  Imp  WinSetWindowULong    (PMWIN.878)
 0000:00000000  Imp  PrfQueryProfileInt   (PMSHAPI.114)
 0000:00000000  Imp  SOMFree              (som.10)
 0000:00000000  Imp  DosRead              (DOSCALLS.281)
 0000:00000000  Imp  DosQueryModuleName   (DOSCALLS.320)
 0000:00000000  Imp  SOMObjectClassData   (som.14)
 0000:00000000  Imp  WinQueryWindowPtr    (PMWIN.839)
 0000:00000000  Imp  WinQueryAccelTable   (PMWIN.798)
 0000:00000000  Imp  DosCreateEventSem    (DOSCALLS.324)
 0000:00000000  Imp  DosOpen              (DOSCALLS.273)
 0000:00000000  Imp  M_WPMouseNewClass    (WPCONFIG.118)
 0000:00000000  Imp  DosSetFilePtr        (DOSCALLS.256)
 0000:00000000  Imp  WinEndPaint          (PMWIN.738)
 0000:00000000  Imp  DosDevIOCtl          (DOSCALLS.284)
 0000:00000000  Imp  WinLoadString        (PMWIN.781)
 0000:00000000  Imp  GpiWCBitBlt          (PMGPI.557)
 0000:00000000  Imp  WinDefDlgProc        (PMWIN.910)
 0000:00000000  Imp  DosAllocMem          (DOSCALLS.299)
 0000:00000000  Imp  somBuildClass        (som.49)
 0000:00000000  Imp  WinFillRect          (PMWIN.743)
 0000:00000000  Imp  GpiSetBackMix        (PMGPI.505)
 0000:00000000  Imp  DosSetExceptionHandler (DOSCALLS.354)
 0000:00000000  Imp  GpiCreateLogColorTable (PMGPI.592)
 0000:00000000  Imp  GpiLoadBitmap        (PMGPI.399)
 0000:00000000  Imp  PrfWriteProfileString (PMSHAPI.116)
 0000:00000000  Imp  DosQueryResourceSize (DOSCALLS.572)
 0000:00000000  Imp  WinQueryWindowULong  (PMWIN.843)
 0000:00000000  Imp  WinBeginPaint        (PMWIN.703)
 0000:00000000  Imp  SOMClassMgrClassData (som.6)
 0001:00000000       AMouseNewClass
 0001:00000140       M_AMouseNewClass
 0001:0000026A       setPageinfo
 0001:00000370       AMouseX_AddDeviceInfoPage
 0001:000003F0       AMouseX_AddWlDeviceInfoPage
 0001:000004A0       AMouseX_wpAddMouseMappingsPage
 0001:00000550       AMouseX_AddKeySettings1Page
 0001:000005D0       AMouseX_AddKeySettings2Page
 0001:00000648       AMouseX_AddWheelSettings1Page
 0001:000007C6       AMouseX_AddWheelSettings2Page
 0001:000008E6       AMouseX_AddWheelSettings3Page
 0001:00000A06       AMouseX_RemoveUnusedMousePage
 0001:00000A4C       AMouseX_wpAddMouseTimingPage
 0001:00000AA6       AMouseX_AddTimingSettingsPage
 0001:00000B1E       AMouseX_wpAddSettingsPages
 0001:00000CF0       AMouseX_wpModifyPopupMenu
 0001:00000D60       AMouseX_wpFilterPopupMenu
 0001:00000E26       AMouseX_wpMenuItemSelected
 0001:00000EA0       AMouseX_wpOpen
 0001:00000F2C       AMouseX_wpSetup
 0001:00001022       AMouseM_wpclsInitData
 0001:0000169E       AMouseM_wpclsUnInitData
 0001:00001730       AMouseM_wpclsQueryDefaultView
 0001:00001766       AMouseM_wpclsQueryIcon
 0001:000017C6       AMouseM_wpclsQueryDefaultHelp
 0001:00001824       AMouseM_clsSaveData
 0001:00001860       AMouseM_clsSetScrollMode
 0001:00001910       AMouseM_clsGetScrollMode
 0001:000019A2       AMouseM_clsSetScrollNum
 0001:00001A50       AMouseM_clsGetScrollNum
 0001:00001AD0       AMouseM_clsSetWheelTarget
 0001:00001B80       AMouseM_clsGetWheelTarget
 0001:00001C00       AMouseM_clsSetStartupMode
 0001:00001C70       AMouseM_clsGetStartupMode
 0001:00001CC0       AMouseM_clsSetAccelDelay
 0001:00001D30       AMouseM_clsGetAccelDelay
 0001:00001D7A       AMouseM_clsSetAccelValue
 0001:00001DF0       AMouseM_clsGetAccelValue
 0001:00001E40       AMouseM_clsSetPollingRate
 0001:00001EB0       AMouseM_clsGetPollingRate
 0001:00001F00       AMouseM_clsSetAccelLevel1
 0001:00001F70       AMouseM_clsGetAccelLevel1
 0001:00001FC0       AMouseM_clsSetAccelLvl1Mult
 0001:00002030       AMouseM_clsGetAccelLvl1Mult
 0001:00002080       AMouseM_clsSetAccelLevel2
 0001:000020F0       AMouseM_clsGetAccelLevel2
 0001:00002140       AMouseM_clsSetAccelLvl2Mult
 0001:000021B0       AMouseM_clsGetAccelLvl2Mult
 0001:00002200       AMouseM_clsSetBtnMode
 0001:000022D4       AMouseM_clsGetBtnMode
 0001:00002390       AMouseM_clsSetBtnKeyCombMP1
 0001:00002440       AMouseM_clsGetBtnKeyCombMP1
 0001:000024BA       AMouseM_clsSetBtnKeyCombMP2
 0001:00002560       AMouseM_clsGetBtnKeyCombMP2
 0001:000025DA       AMouseM_clsSetWheelCount
 0001:00002650       AMouseM_clsGetWheelCount
 0001:000026A0       AMouseM_clsSetApplications
 0001:0000270E       AMouseM_clsGetApplications
 0001:00002798       AMouseM_clsSetPMCtlsFlags
 0001:00002800       AMouseM_clsGetPMCtlsFlags
 0001:00002850       AMouseM_clsSetSmartCruise
 0001:000028C0       AMouseM_clsGetSmartCruise
 0001:00002910       AboutDlgProc
 0001:00002A80       KeySettings1DlgProc
 0001:00002B3C       KeySettings2DlgProc
 0001:00002BEE       WheelSettings1DlgProc
 0001:00002CAA       WheelSettings2DlgProc
 0001:00002D5C       WheelSettings3DlgProc
 0001:00002E0E       TimingSettingsDlgProc
 0001:00002EC0       DeviceInfoDlgProc
 0001:00002F0E       WlDeviceInfoDlgProc
 0001:00002F70       setDefaultKeySettings
 0001:00002FE0       getDefaultKeySetting
 0001:00003048       appendString
 0001:000030C0       determineMouseType
 0001:00003280       checkForWheelMouse
 0001:00003310       calcControlId
 0001:00003370       findResourceString
 0001:00003422       populateComboboxes
 0001:000034F4       isValidKey
 0001:00003550       describeKey
 0001:00003B80       insertKeyCombString
 0001:00003C10       messageThread
 0001:00003C78       asyncMessageBox
 0001:00003CE0       getLogiInfo
 0001:00003D40       getLogiType
 0001:00003F90       getButtonCount
 0001:00004010       getWheelCount
 0001:00004080       pollRateIndex2Value
 0001:000040A0       pollRateValue2Index
 0001:000040F0       accelMultIndex2Value
 0001:00004110       accelMultValue2Index
 0001:0000411A       accelThreshIndex2Value
 0001:00004134       accelThreshValue2Index
 0001:0000413E       setClipboard
 0001:000041B2       ApplProfile2Struct
 0001:000043F6       ApplStruct2Profile
 0001:00004588       ApplNumOfEntries
 0001:000045D6       ApplFreeEntries
 0001:00004602       ApplInsertNewEntry
 0001:00004674       ApplMoveEntry
 0001:0000489C       ApplDeleteEntry
 0001:00004960       BatteryCheckThread
 0001:00004A9A       SetDebugMode
 0001:00004AB0       SetButtonsWheelSettings1
 0001:00004BB4       SetWheelSettings2Controls
 0001:00004CF0       ReturnSpinIndex
 0001:00004D50       ReturnSpinTextIndex
 0001:00004DA0       FillApplicationListBox
 0001:00004F30       FillApplicationEntries
 0001:000053A2       KeyCombinationDialogProc
 0001:00005560       KeySettings1InitDlg
 0001:000058E8       KeySettings1Destroy
 0001:000059B0       KeySettings1Command
 0001:00005D04       KeySettings1Control
 0001:00005ED6       KeySettings2InitDlg
 0001:0000603A       KeySettings2Destroy
 0001:00006066       KeySettings2Command
 0001:000062C4       KeySettings2Control
 0001:00006490       WheelSettings1InitDlg
 0001:00006640       WheelSettings1Destroy
 0001:0000666C       WheelSettings1Command
 0001:00006830       WheelSettings1Control
 0001:00006AFA       WheelSettings2InitDlg
 0001:00006E60       WheelSettings2Destroy
 0001:00006E8C       WheelSettings2Command
 0001:0000710E       WheelSettings2Control
 0001:000072E4       WheelSettings3InitDlg
 0001:0000739C       WheelSettings3Destroy
 0001:000073DE       WheelSettings3Command
 0001:00007642       WheelSettings3Control
 0001:00007740       TimingSettingsInitDlg
 0001:00007A8E       TimingSettingsDestroy
 0001:00007ABA       TimingSettingsCommand
 0001:00007DE0       TimingSettingsControl
 0001:00007FB4       DeviceInfoInitDlg
 0001:000087C0       DeviceInfoCommand
 0001:00008B84       WlDeviceInfoInitDlg
 0001:00008E02       WlDeviceInfoControl
 0001:00008E9A       BattStateWndProc
 0001:00009010       InsertApplicationDlgProc
 0001:000090BA       InsertApplicationInitDlg
 0001:00009264       InsertApplicationDestroy
 0001:00009290       InsertApplicationCommand
 0001:000095C0       InsertApplicationControl
 0001:000097A0       InsertApplicationHelp
 0001:000097E0       atous
 0001:0000985C       readVendorName
 0001:000099C0       readMouseType
 0001:00009B30       getVendorName
 0001:00009C60       determineLangFile
 0001:00009CE0       checkHelpFile
 0001:00009D6C       LoadLanguageModule
 0001:00009E50       DetermineHelpFileName
 0001:00009F78       _CrtGetLocalData
 0001:0000A254       _CrtInitThread
 0001:0000A29C       _beginthread
 0001:0000A320       _endthread
 0001:0000A4B4       __pendingRequest
 0001:0000A4D8       __handleCollision
 0001:0000A540       _OpenSem
 0001:0000A554       _CreateSem
 0001:0000A57C       _CloseSem
 0001:0000A58C       _RequestSem
 0001:0000A59C       _ReleaseSem
 0001:0000A5AC       _freeThreadStorage
 0001:0000A664       __threadid
 0001:0000A670       __conv_buf
 0001:0000A6B4       __default_heap
 0001:0000A6C4       __swprintf_size
 0001:0000A6D4       __swprintf_buf
 0001:0000A6E4       __random_seed
 0001:0000A6F4       __version
 0001:0000A700       __strtok_pos
 0001:0000A710       __tempname_ptr
 0001:0000A720       __perror_msg_ptr
 0001:0000A730       __internal_buf_ptr
 0001:0000A740       __lcvt_buf_ptr
 0001:0000A750       __cvt_buf_ptr
 0001:0000A760       __broken_time_ptr
 0001:0000A770       __flags
 0001:0000A780       __strerror_msg_ptr
 0001:0000A790       __dttm_ptr
 0001:0000A7A0       __doserrno
 0001:0000A7B0       _errno
 0001:0000A7C0       __cppstore
 0001:0000A7D0       _sprintfieee
 0001:0000A80C       _sprintf_ansi
 0001:0000A82C       _bufprint
 0001:0000A900       calloc
 0001:0000A940       free
 0001:0000A96C       malloc
 0001:0000A9A8       _set_crt_msg_handle
 0001:0000A9DC       __ctordtorTerm
 0001:0000AA14       __ctordtorInit
 0001:0000ACE8       _insert_thou_sep
 0001:0000BB2C       __dofmto
 0001:0000C0BC       _signedAssign
 0001:0000C10C       _nConv
 0001:0000C170       _fpreset
 0001:0000C180       _internal_err
 0001:0000C1C8       isspace
 0001:0000C1DC       _itoa
 0001:0000C280       longjmp
 0001:0000C2E4       _ltoa
 0001:0000C388       memcpy
 0001:0000C3AC       memmove
 0001:0000C3EC       memset
 0001:0000C41C       _PrintErrMsg
 0001:0000C468       _MesgServ
 0001:0000C62C       _ucalloc
 0001:0000C710       _ucreate
 0001:0000C8C0       _uaddmem
 0001:0000C980       _int_uaddmem
 0001:0000CB3C       _uheapmin
 0001:0000CBEC       _int_uheapmin
 0001:0000CE48       _rmem_term
 0001:0000CE8C       _rmem_init
 0001:0000D368       _rnode_delete
 0001:0000D3B8       _ufree
 0001:0000D48C       _umalloc
 0001:0000D544       _int_rfree
 0001:0000E454       _int_umalloc
 0001:0000E7D8       _DLL_InitTerm
 0001:0000E820       setjmp
 0001:0000E85C       strcat
 0001:0000E894       strchr
 0001:0000E8B8       strcmp
 0001:0000E8D8       strcpy
 0001:0000E908       strdup
 0001:0000E968       strlen
 0001:0000E980       strncpy
 0001:0000E9B8       strrchr
 0001:0000E9DC       strspn
 0001:0000EA18       strtoul
 0001:0000EAFC       _terminate
 0001:0000EB0C       _toint
 0001:0000EC98       toupper
 0001:0000ECB0       _ultoa
 0001:0000ED2C       _wfloatfmt
 0001:0000ED48       _w_int_uflush
 0001:0000ED4C       _w_uheap_verify
 0001:0000ED50       _w_int_unlink_item
 0001:0000ED54       _w_tmem_term
 0001:0000ED58       _w_tmem_init
 0001:0000ED5C       _w_walking
 0001:0000ED60       _bit_test_set
 0001:0000ED70       _CheckIfMem
 0001:0000EDB8       _CloseStream
 0001:0000F00C       _convert
 0001:0000F20C       _freeCtype
 0001:0000F228       _init_ctype
 0001:0000F308       __method_weak
 0001:0000F30C       _iconv_term_weak
 0001:0000F310       _localInit_weak
 0001:0000F314       _freeLocale_weak
 0001:0000F318       _init_ctype_weak
 0001:0000F31C       _freeCtype_weak
 0001:0000F320       _test_handle
 0001:0000F370       _CRT_init
 0001:0000F6B8       _Math_Exception_Def
 0001:0000F6C0       _CRT_term
 0001:0000F894       fclose
 0001:0000F994       _fcloseall
 0001:0000FA80       _fcloseall_weak
 0001:0000FA88       fflush
 0001:0000FBDC       fgets
 0001:00010340       _fillb
 0001:00010580       _Flush
 0001:00010724       _flushb
 0001:00010A80       _Fmprs
 0001:00010FAC       fopen
 0001:000110B0       _FreeFCB
 0001:00011178       _fullpath
 0001:000113A0       getenv
 0001:00011500       _inc
 0001:00011508       _dec_test
 0001:00011518       _InitBuf
 0001:00011560       _InitFCB
 0001:00011718       __localeconv_std
 0001:00011724       __localeconv_dummy
 0001:00011730       localeconv
 0001:0001174C       _matherr
 0001:00011754       __mblen_dummy
 0001:00011760       mblen
 0001:00011784       __mblen_dbcs
 0001:00011848       __mbrlen_dummy
 0001:00011854       mbrlen
 0001:00011888       __mbrlen_dbcs
 0001:00011988       __tod_init
 0001:0001198C       __syntax_init
 0001:00011990       __resp_init
 0001:000119B0       __time_init
 0001:00011C40       __numeric_init
 0001:00011C94       __monetary_init
 0001:00011DFC       __collate_init
 0001:00011E00       __charmap_init
 0001:00011E10       __ctype_init
 0001:00011E14       __locale_init
 0001:00011EB0       _noddprs
 0001:00011F6C       _w_Terminate_and_dump
 0001:00011FEC       _input_excpt
 0001:00012044       _Exception
 0001:0001205C       _Test_and_reset
 0001:00012068       _Regen_exception
 0001:00012074       _get_seglim
 0001:000120B0       _critlib_except
 0001:0001252C       _OpenStream
 0001:000127A0       _setupenv
 0001:00012868       stricmp
 0001:00012900       strnicmp
 0001:000129B8       _readbSync
 0001:00012C10       _uwrite
 0001:00012C48       __wctomb_dummy
 0001:00012C54       wctomb
 0001:00012C7C       __wctomb_dbcs
 0001:00012D94       _wcputs
 0001:00012D9C       _wuwriteMem
 0001:00012DA0       _wreadbSyncMem
 0001:00012DA4       _wfsetposMem
 0001:00012DAC       _wSeekMem
 0001:00012DB4       _wrewindMem
 0001:00012DB8       _wRemoveMem
 0001:00012DBC       _wOpenMemory
 0001:00012DC4       _wfgetposMem
 0001:00012DD8       _wtellMem
 0001:00012DEC       _w_raise
 0001:00012DF4       _XDosRead
 0001:00012E78       _get_eib
 0001:00012ED4       _mig_eib_store
 0001:00012EE4       _EXE_Exception
 0001:00012F24       _recreate_exception
 0001:00013064       _Lib_excpt
 0001:0001319C       __Exception
 0001:000135E8       _exception_dllinit
 0001:00013618       _exception_procinit
 0001:0001364C       __Saved_return_address
 0001:0001365C       __Async_exception_flag
 0001:0001366C       sig32
 0001:0001367E       DOSGETMESSAGE
 0001:0001367E       Dos32GetMessage
 0001:0001367E       DosGetMessage
 0001:0001367E       DOS32GETMESSAGE
 0003:000022EC       AMouseClassData
 0003:00002314       AMouseCClassData
 0003:000025A0       M_AMouseClassData
 0003:00002638       M_AMouseCClassData
 0003:00002CE0       szModuleName
 0003:00002CE8       szHelpFile
 0003:00003028       pszMode
 0003:00003040       usMode
 0003:0000304C       pszRelation
 0003:00003068       usRelation
 0003:00003074       pszOptionStd
 0003:0000308C       usOptionStd
 0003:00003098       pszMessage
 0003:000030B8       usMessage
 0003:00003234       _crt_msg_handle
 0003:00003238       __ctdtused
 0003:0000328C       _dllentry
 0003:000033E4       _ctypeModule
 0003:00003598       stdin
 0003:0000359C       stdout
 0003:000035A0       stderr
 0003:0000364C       _PGLOBAL_PTR
 0003:00003650       _daylight
 0003:00003654       _timezone
 0003:00003658       _osmode
 0003:00003670       _fopenused
 0003:000036D0       _C_charmap
 0003:00003734       __lc_charmap
 0003:00003738       _mb_cur_max
 0003:0000393C       _C_collate
 0003:000039A0       __lc_collate
 0003:00003E88       _C_ctype
 0003:00003ED8       __lc_ctype
 0003:00004050       _C_lconv
 0003:00004090       _C_locale
 0003:000041A0       __lc_locale
 0003:000041A4       _C_monetary
 0003:000041F0       __lc_monetary
 0003:000041F8       _C_numeric
 0003:00004218       __lc_numeric
 0003:00004240       _C_resp
 0003:00004260       __lc_resp
 0003:00004288       _C_syntax
 0003:000042D4       __lc_syntax
 0003:00004550       _C_dtconv
 0003:00004600       _C_time
 0003:000046EC       __lc_time
 0003:000046FC       _C_tod
 0003:00004744       __lc_tod
 0003:00004748       __localeconv_std_flag
 0003:0000474C       __mblen_dbcs_flag
 0003:00004750       __mbrlen_dbcs_flag
 0003:000047A8       __wctomb_dbcs_flag
 0003:000047AC       _matherr_ptr
 0003:00004858       __ctordtorStart
 0003:00004858       __ctordtorEnd
 0003:00004868       _firsteib
 0003:00004CE8       _lasteib
 0003:00004CEC       hevWheelThreadUpdate
 0003:00004CEC       _edata
 0003:00004D28       hmod
 0003:00004D2C       hmodLng
 0003:00004D48       pOldBattStateWndProc
 0003:00004D54       pfnwpEntryField
 0003:00004DE0       _ctype
 0003:00004DE4       __c_local_ctype
 0003:00004DE8       _edcinit_fin
 0003:00004DEC       _locale_initialized
 0003:00004DF0       _CRT_usage_count
 0003:00004F08       _ctype_upperidx
 0003:00004F0C       _ctype_loweridx
 0003:00004F10       _ctype_upper
 0003:00004F14       _ctype_lower
 0003:00004F18       _ctype_ctypeidx
 0003:00004F1C       _ctype_cmask
 0003:00004F20       _ctype_mask
 0003:00004F54       _dbg_mem_sem
 0003:00004F5C       hab
 0003:00004F60       __ctordtorCurrent
 0003:00004F64       _eh_base
 0003:00004F68       _tzname
 0003:00004F70       bIsWarp4
 0003:00004F74       _environ
 0003:00004F78       _osmajor
 0003:00004F79       _osminor
 0003:00004F7C       _reg_heap
 0003:00004F80       _TerminateAndDumpSem
 0003:00004F88       _walk_used
 0003:00004F8C       _end

Program entry point at 0001:0000E7D8
