
 AMOUSE

 Start         Length     Name                   Class
 0001:00000000 0000063DEH CODE32                 CODE 32-bit
	at offset 00000000 0061EH bytes from K:\work\c\amouse\AMouHook\pt\test.obj (.\test.c)
	at offset 00000620 0006BH bytes from D:\IBMCPP\LIB\cppos30.lib (D:\SwordCSD\crt\printf.c)
	at offset 0000068c 0002AH bytes from D:\IBMCPP\LIB\cppos30.lib (D:\SwordCSD\crt\cfree.c)
	at offset 000006b8 00031H bytes from D:\IBMCPP\LIB\cppos30.lib (D:\SwordCSD\crt\cmalloc.c)
	at offset 000006ec 00030H bytes from D:\IBMCPP\LIB\cppos30.lib (D:\SwordCSD\crt\memset.c)
	at offset 0000071c 0001DH bytes from D:\IBMCPP\LIB\cppos30.lib (D:\SwordCSD\crt\strcmp.c)
	at offset 0000073c 014B2H bytes from D:\IBMCPP\LIB\cppos30.lib (D:\SwordCSD\crt\dofmto.c)
	at offset 00001bf0 01713H bytes from D:\IBMCPP\LIB\cppos30.lib (D:\SwordCSD\crt\rmalloc.c)
	at offset 00003304 000BEH bytes from D:\IBMCPP\LIB\cppos30.lib (D:\SwordCSD\crt\dde4strt.c)
	at offset 000033c4 00319H bytes from D:\IBMCPP\LIB\cppos30.lib (D:\SwordCSD\crt\edcinit.c)
	at offset 000036e0 000F2H bytes from D:\IBMCPP\LIB\cppos30.lib (D:\SwordCSD\crt\n_excrit.c)
	at offset 000037d4 000DFH bytes from D:\IBMCPP\LIB\cppos30.lib (D:\SwordCSD\crt\bufprint.c)
	at offset 000038b4 0000CH bytes from D:\IBMCPP\LIB\cppos30.lib (D:\SwordCSD\crt\calls.asm)
	at offset 000038c0 0002AH bytes from D:\IBMCPP\LIB\cppos30.lib (D:\SwordCSD\crt\exit.c)
	at offset 000038ec 000B3H bytes from D:\IBMCPP\LIB\cppos30.lib (D:\SwordCSD\crt\fmtcomm.c)
	at offset 000039a0 00004H bytes from D:\IBMCPP\LIB\cppos30.lib (D:\SwordCSD\crt\fpninit.asm)
	at offset 000039a4 00010H bytes from D:\IBMCPP\LIB\cppos30.lib (D:\SwordCSD\crt\fpreset.asm)
	at offset 000039b4 00210H bytes from D:\IBMCPP\LIB\cppos30.lib (D:\SwordCSD\crt\prtemsg.c)
	at offset 00003bc4 00304H bytes from D:\IBMCPP\LIB\cppos30.lib (D:\SwordCSD\crt\rcreate.c)
	at offset 00003ec8 000F1H bytes from D:\IBMCPP\LIB\cppos30.lib (D:\SwordCSD\crt\rinit.c)
	at offset 00003fbc 0000DH bytes from D:\IBMCPP\LIB\cppos30.lib (D:\SwordCSD\crt\sctdt.c)
	at offset 00003fcc 001F8H bytes from D:\IBMCPP\LIB\cppos30.lib (D:\SwordCSD\crt\setuparg.asm)
	at offset 000041c4 0003CH bytes from D:\IBMCPP\LIB\cppos30.lib (D:\SwordCSD\crt\strspn.asm)
	at offset 00004200 0001BH bytes from D:\IBMCPP\LIB\cppos30.lib (D:\SwordCSD\crt\weakfmt.c)
	at offset 0000421c 00005H bytes from D:\IBMCPP\LIB\cppos30.lib (D:\SwordCSD\crt\wk_rmem.c)
	at offset 00004224 00007H bytes from D:\IBMCPP\LIB\cppos30.lib (D:\SwordCSD\crt\wk_tmem.c)
	at offset 0000422c 00007H bytes from D:\IBMCPP\LIB\cppos30.lib (D:\SwordCSD\crt\cppinit.asm)
	at offset 00004234 0000EH bytes from D:\IBMCPP\LIB\cppos30.lib (D:\SwordCSD\crt\bts.asm)
	at offset 00004244 000FBH bytes from D:\IBMCPP\LIB\cppos30.lib (D:\SwordCSD\crt\ctypetbl.c)
	at offset 00004340 00017H bytes from D:\IBMCPP\LIB\cppos30.lib (D:\SwordCSD\crt\cweak.c)
	at offset 00004358 000DFH bytes from D:\IBMCPP\LIB\cppos30.lib (D:\SwordCSD\crt\edcterm.c)
	at offset 00004438 000CEH bytes from D:\IBMCPP\LIB\cppos30.lib (D:\SwordCSD\crt\getenv.c)
	at offset 00004508 00015H bytes from D:\IBMCPP\LIB\cppos30.lib (D:\SwordCSD\crt\incdec.asm)
	at offset 00004520 00027H bytes from D:\IBMCPP\LIB\cppos30.lib (D:\SwordCSD\crt\localcnv.c)
	at offset 00004548 00007H bytes from D:\IBMCPP\LIB\cppos30.lib (D:\SwordCSD\crt\matherr.c)
	at offset 00004550 0007DH bytes from D:\IBMCPP\LIB\cppos30.lib (D:\SwordCSD\crt\n_dumpwk.c)
	at offset 000045d0 0006BH bytes from D:\IBMCPP\LIB\cppos30.lib (D:\SwordCSD\crt\n_excpta.asm)
	at offset 0000463c 000C6H bytes from D:\IBMCPP\LIB\cppos30.lib (D:\SwordCSD\crt\setupenv.c)
	at offset 00004704 00033H bytes from D:\IBMCPP\LIB\cppos30.lib (D:\SwordCSD\crt\wctomb.c)
	at offset 00004738 00007H bytes from D:\IBMCPP\LIB\cppos30.lib (D:\SwordCSD\crt\weakcput.c)
	at offset 00004740 007CEH bytes from D:\IBMCPP\LIB\cppos30.lib (D:\SwordCSD\crt\n_except.c)
	at offset 00004f10 00032H bytes from D:\IBMCPP\LIB\cppos30.lib (D:\SwordCSD\crt\crt_fd.c)
	at offset 00004f44 000A3H bytes from D:\IBMCPP\LIB\cppos30.lib (D:\SwordCSD\crt\ltoa.c)
	at offset 00004fe8 002E5H bytes from D:\IBMCPP\LIB\cppos30.lib (D:\SwordCSD\crt\rheapmin.c)
	at offset 000052d0 00010H bytes from D:\IBMCPP\LIB\cppos30.lib (D:\SwordCSD\crt\terminat.c)
	at offset 000052e0 00005H bytes from D:\IBMCPP\LIB\cppos30.lib (D:\SwordCSD\crt\wctdt.c)
	at offset 000052e8 00009H bytes from D:\IBMCPP\LIB\cppos30.lib (D:\SwordCSD\crt\wk_exit.c)
	at offset 000052f4 00003H bytes from D:\IBMCPP\LIB\cppos30.lib (D:\SwordCSD\crt\wk_walk.c)
	at offset 000052f8 00007H bytes from D:\IBMCPP\LIB\cppos30.lib (D:\SwordCSD\crt\edcmxdef.c)
	at offset 00005300 00007H bytes from D:\IBMCPP\LIB\cppos30.lib (D:\SwordCSD\crt\fclweak.c)
	at offset 00005308 00071H bytes from D:\IBMCPP\LIB\cppos30.lib (D:\SwordCSD\crt\fflush.c)
	at offset 0000537c 0023DH bytes from D:\IBMCPP\LIB\cppos30.lib (D:\SwordCSD\crt\fillb.c)
	at offset 000055bc 000B1H bytes from D:\IBMCPP\LIB\cppos30.lib (D:\SwordCSD\crt\freefcb.c)
	at offset 00005670 0000BH bytes from D:\IBMCPP\LIB\cppos30.lib (D:\SwordCSD\crt\localcns.c)
	at offset 0000567c 00032H bytes from D:\IBMCPP\LIB\cppos30.lib (D:\SwordCSD\crt\mbrlen.c)
	at offset 000056b0 000B5H bytes from D:\IBMCPP\LIB\cppos30.lib (D:\SwordCSD\crt\strnicmp.c)
	at offset 00005768 00035H bytes from D:\IBMCPP\LIB\cppos30.lib (D:\SwordCSD\crt\uwrite.c)
	at offset 000057a0 00117H bytes from D:\IBMCPP\LIB\cppos30.lib (D:\SwordCSD\crt\wctombd.c)
	at offset 000058b8 00006H bytes from D:\IBMCPP\LIB\cppos30.lib (D:\SwordCSD\crt\w_raise.c)
	at offset 000058c0 00003H bytes from D:\IBMCPP\LIB\cppos30.lib (D:\SwordCSD\crt\wflush.c)
	at offset 000058c4 00195H bytes from D:\IBMCPP\LIB\cppos30.lib (D:\SwordCSD\crt\flush.c)
	at offset 00005a5c 00311H bytes from D:\IBMCPP\LIB\cppos30.lib (D:\SwordCSD\crt\flushb.c)
	at offset 00005d70 00100H bytes from D:\IBMCPP\LIB\cppos30.lib (D:\SwordCSD\crt\mbrlend.c)
	at offset 00005e70 00527H bytes from D:\IBMCPP\LIB\cppos30.lib (D:\SwordCSD\crt\nlssetup.c)
	at offset 00006398 00046H bytes from D:\IBMCPP\LIB\cppos30.lib (D:\SwordCSD\crt\wmemfile.c)

 0001:000063E0 000000030H _MSGSEG32              CODE 32-bit
	at offset 00000000 00030H bytes from D:\os2tk45\lib\os2386.lib (msgseg32.asm)

 0002:00000000 000000104H CONST32_RO             CONST 32-bit
	at offset 00000000 0003DH bytes from D:\IBMCPP\LIB\cppos30.lib (D:\SwordCSD\crt\dofmto.c)
	at offset 00000040 00014H bytes from D:\IBMCPP\LIB\cppos30.lib (D:\SwordCSD\crt\edcinit.c)
	at offset 00000054 00088H bytes from D:\IBMCPP\LIB\cppos30.lib (D:\SwordCSD\crt\prtemsg.c)
	at offset 000000dc 00025H bytes from D:\IBMCPP\LIB\cppos30.lib (D:\SwordCSD\crt\ltoa.c)

 0003:00000000 000001988H DATA32                 DATA 32-bit
	at offset 00000000 004C8H bytes from K:\work\c\amouse\AMouHook\pt\test.obj (.\test.c)
	at offset 000004c8 00004H bytes from D:\IBMCPP\LIB\cppos30.lib (D:\SwordCSD\crt\exeentry.asm)
	at offset 000004cc 00008H bytes from D:\IBMCPP\LIB\cppos30.lib (D:\SwordCSD\crt\dofmto.c)
	at offset 000004d4 00010H bytes from D:\IBMCPP\LIB\cppos30.lib (D:\SwordCSD\crt\rmalloc.c)
	at offset 000004e4 00248H bytes from D:\IBMCPP\LIB\cppos30.lib (D:\SwordCSD\crt\edcinit.c)
	at offset 0000072c 00002H bytes from D:\IBMCPP\LIB\cppos30.lib (D:\SwordCSD\crt\fpreset.asm)
	at offset 00000730 00004H bytes from D:\IBMCPP\LIB\cppos30.lib (D:\SwordCSD\crt\prtemsg.c)
	at offset 00000734 00010H bytes from D:\IBMCPP\LIB\cppos30.lib (D:\SwordCSD\crt\setuparg.asm)
	at offset 00000744 00108H bytes from D:\IBMCPP\LIB\cppos30.lib (D:\SwordCSD\crt\ctypetbl.c)
	at offset 0000084c 00074H bytes from D:\IBMCPP\LIB\cppos30.lib (D:\SwordCSD\crt\lccmap.c)
	at offset 000008c0 000ACH bytes from D:\IBMCPP\LIB\cppos30.lib (D:\SwordCSD\crt\n_except.c)
	at offset 0000096c 00004H bytes from D:\IBMCPP\LIB\cppos30.lib (D:\SwordCSD\crt\crt_fd.c)
	at offset 00000970 002C8H bytes from D:\IBMCPP\LIB\cppos30.lib (D:\SwordCSD\crt\lclocale.c)
	at offset 00000c38 00004H bytes from D:\IBMCPP\LIB\cppos30.lib (D:\SwordCSD\crt\localcns.c)
	at offset 00000c3c 00004H bytes from D:\IBMCPP\LIB\cppos30.lib (D:\SwordCSD\crt\wctombd.c)
	at offset 00000c40 00268H bytes from D:\IBMCPP\LIB\cppos30.lib (D:\SwordCSD\crt\lccoll.c)
	at offset 00000ea8 00538H bytes from D:\IBMCPP\LIB\cppos30.lib (D:\SwordCSD\crt\lcctype.c)
	at offset 000013e0 00050H bytes from D:\IBMCPP\LIB\cppos30.lib (D:\SwordCSD\crt\lcmon.c)
	at offset 00001430 00028H bytes from D:\IBMCPP\LIB\cppos30.lib (D:\SwordCSD\crt\lcnum.c)
	at offset 00001458 00048H bytes from D:\IBMCPP\LIB\cppos30.lib (D:\SwordCSD\crt\lcresp.c)
	at offset 000014a0 00074H bytes from D:\IBMCPP\LIB\cppos30.lib (D:\SwordCSD\crt\lcsyntax.c)
	at offset 00001514 00418H bytes from D:\IBMCPP\LIB\cppos30.lib (D:\SwordCSD\crt\lctime.c)
	at offset 0000192c 00058H bytes from D:\IBMCPP\LIB\cppos30.lib (D:\SwordCSD\crt\lctod.c)
	at offset 00001984 00004H bytes from D:\IBMCPP\LIB\cppos30.lib (D:\SwordCSD\crt\mbrlend.c)

 0003:00001988 000000000H CTOR_DTOR1             DATA 32-bit

 0003:00001988 000000000H CTOR_DTOR2             DATA 32-bit

 0003:00001988 000000000H CTOR_DTOR3             DATA 32-bit

 0003:00001988 00000001CH EDC1                   EDC_CLASS 32-bit
	at offset 00000000 0001CH bytes from D:\IBMCPP\LIB\cppos30.lib (D:\SwordCSD\crt\n_excpta.asm)

 0003:000019A4 0000002C4H EDC2                   EDC_CLASS 32-bit
	at offset 00000000 0000CH bytes from D:\IBMCPP\LIB\cppos30.lib (D:\SwordCSD\crt\printf.c)
	at offset 0000000c 0000CH bytes from D:\IBMCPP\LIB\cppos30.lib (D:\SwordCSD\crt\cfree.c)
	at offset 00000018 0000CH bytes from D:\IBMCPP\LIB\cppos30.lib (D:\SwordCSD\crt\cmalloc.c)
	at offset 00000024 0000CH bytes from D:\IBMCPP\LIB\cppos30.lib (D:\SwordCSD\crt\memset.c)
	at offset 00000030 0000CH bytes from D:\IBMCPP\LIB\cppos30.lib (D:\SwordCSD\crt\strcmp.c)
	at offset 0000003c 0000CH bytes from D:\IBMCPP\LIB\cppos30.lib (D:\SwordCSD\crt\dofmto.c)
	at offset 00000048 0000CH bytes from D:\IBMCPP\LIB\cppos30.lib (D:\SwordCSD\crt\rmalloc.c)
	at offset 00000054 0000CH bytes from D:\IBMCPP\LIB\cppos30.lib (D:\SwordCSD\crt\edcinit.c)
	at offset 00000060 0000CH bytes from D:\IBMCPP\LIB\cppos30.lib (D:\SwordCSD\crt\n_excrit.c)
	at offset 0000006c 0000CH bytes from D:\IBMCPP\LIB\cppos30.lib (D:\SwordCSD\crt\bufprint.c)
	at offset 00000078 0000CH bytes from D:\IBMCPP\LIB\cppos30.lib (D:\SwordCSD\crt\calls.asm)
	at offset 00000084 0000CH bytes from D:\IBMCPP\LIB\cppos30.lib (D:\SwordCSD\crt\exit.c)
	at offset 00000090 0000CH bytes from D:\IBMCPP\LIB\cppos30.lib (D:\SwordCSD\crt\fpninit.asm)
	at offset 0000009c 0000CH bytes from D:\IBMCPP\LIB\cppos30.lib (D:\SwordCSD\crt\fpreset.asm)
	at offset 000000a8 0000CH bytes from D:\IBMCPP\LIB\cppos30.lib (D:\SwordCSD\crt\prtemsg.c)
	at offset 000000b4 0000CH bytes from D:\IBMCPP\LIB\cppos30.lib (D:\SwordCSD\crt\setuparg.asm)
	at offset 000000c0 0000CH bytes from D:\IBMCPP\LIB\cppos30.lib (D:\SwordCSD\crt\strspn.asm)
	at offset 000000cc 0000CH bytes from D:\IBMCPP\LIB\cppos30.lib (D:\SwordCSD\crt\weakfmt.c)
	at offset 000000d8 0000CH bytes from D:\IBMCPP\LIB\cppos30.lib (D:\SwordCSD\crt\cppinit.asm)
	at offset 000000e4 0000CH bytes from D:\IBMCPP\LIB\cppos30.lib (D:\SwordCSD\crt\bts.asm)
	at offset 000000f0 0000CH bytes from D:\IBMCPP\LIB\cppos30.lib (D:\SwordCSD\crt\ctypetbl.c)
	at offset 000000fc 0000CH bytes from D:\IBMCPP\LIB\cppos30.lib (D:\SwordCSD\crt\edcterm.c)
	at offset 00000108 0000CH bytes from D:\IBMCPP\LIB\cppos30.lib (D:\SwordCSD\crt\getenv.c)
	at offset 00000114 00018H bytes from D:\IBMCPP\LIB\cppos30.lib (D:\SwordCSD\crt\incdec.asm)
	at offset 0000012c 0000CH bytes from D:\IBMCPP\LIB\cppos30.lib (D:\SwordCSD\crt\lccmap.c)
	at offset 00000138 0000CH bytes from D:\IBMCPP\LIB\cppos30.lib (D:\SwordCSD\crt\localcnv.c)
	at offset 00000144 0000CH bytes from D:\IBMCPP\LIB\cppos30.lib (D:\SwordCSD\crt\matherr.c)
	at offset 00000150 0000CH bytes from D:\IBMCPP\LIB\cppos30.lib (D:\SwordCSD\crt\n_dumpwk.c)
	at offset 0000015c 0000CH bytes from D:\IBMCPP\LIB\cppos30.lib (D:\SwordCSD\crt\setupenv.c)
	at offset 00000168 0000CH bytes from D:\IBMCPP\LIB\cppos30.lib (D:\SwordCSD\crt\wctomb.c)
	at offset 00000174 0000CH bytes from D:\IBMCPP\LIB\cppos30.lib (D:\SwordCSD\crt\weakcput.c)
	at offset 00000180 0000CH bytes from D:\IBMCPP\LIB\cppos30.lib (D:\SwordCSD\crt\n_except.c)
	at offset 0000018c 0000CH bytes from D:\IBMCPP\LIB\cppos30.lib (D:\SwordCSD\crt\ltoa.c)
	at offset 00000198 0000CH bytes from D:\IBMCPP\LIB\cppos30.lib (D:\SwordCSD\crt\rheapmin.c)
	at offset 000001a4 0000CH bytes from D:\IBMCPP\LIB\cppos30.lib (D:\SwordCSD\crt\terminat.c)
	at offset 000001b0 0000CH bytes from D:\IBMCPP\LIB\cppos30.lib (D:\SwordCSD\crt\wk_exit.c)
	at offset 000001bc 0000CH bytes from D:\IBMCPP\LIB\cppos30.lib (D:\SwordCSD\crt\edcmxdef.c)
	at offset 000001c8 0000CH bytes from D:\IBMCPP\LIB\cppos30.lib (D:\SwordCSD\crt\fclweak.c)
	at offset 000001d4 0000CH bytes from D:\IBMCPP\LIB\cppos30.lib (D:\SwordCSD\crt\fflush.c)
	at offset 000001e0 0000CH bytes from D:\IBMCPP\LIB\cppos30.lib (D:\SwordCSD\crt\fillb.c)
	at offset 000001ec 0000CH bytes from D:\IBMCPP\LIB\cppos30.lib (D:\SwordCSD\crt\freefcb.c)
	at offset 000001f8 0000CH bytes from D:\IBMCPP\LIB\cppos30.lib (D:\SwordCSD\crt\lclocale.c)
	at offset 00000204 0000CH bytes from D:\IBMCPP\LIB\cppos30.lib (D:\SwordCSD\crt\localcns.c)
	at offset 00000210 0000CH bytes from D:\IBMCPP\LIB\cppos30.lib (D:\SwordCSD\crt\mbrlen.c)
	at offset 0000021c 0000CH bytes from D:\IBMCPP\LIB\cppos30.lib (D:\SwordCSD\crt\strnicmp.c)
	at offset 00000228 0000CH bytes from D:\IBMCPP\LIB\cppos30.lib (D:\SwordCSD\crt\uwrite.c)
	at offset 00000234 0000CH bytes from D:\IBMCPP\LIB\cppos30.lib (D:\SwordCSD\crt\wctombd.c)
	at offset 00000240 0000CH bytes from D:\IBMCPP\LIB\cppos30.lib (D:\SwordCSD\crt\flush.c)
	at offset 0000024c 0000CH bytes from D:\IBMCPP\LIB\cppos30.lib (D:\SwordCSD\crt\flushb.c)
	at offset 00000258 0000CH bytes from D:\IBMCPP\LIB\cppos30.lib (D:\SwordCSD\crt\lccoll.c)
	at offset 00000264 0000CH bytes from D:\IBMCPP\LIB\cppos30.lib (D:\SwordCSD\crt\lcctype.c)
	at offset 00000270 0000CH bytes from D:\IBMCPP\LIB\cppos30.lib (D:\SwordCSD\crt\lcmon.c)
	at offset 0000027c 0000CH bytes from D:\IBMCPP\LIB\cppos30.lib (D:\SwordCSD\crt\lcnum.c)
	at offset 00000288 0000CH bytes from D:\IBMCPP\LIB\cppos30.lib (D:\SwordCSD\crt\lcresp.c)
	at offset 00000294 0000CH bytes from D:\IBMCPP\LIB\cppos30.lib (D:\SwordCSD\crt\lcsyntax.c)
	at offset 000002a0 0000CH bytes from D:\IBMCPP\LIB\cppos30.lib (D:\SwordCSD\crt\lctime.c)
	at offset 000002ac 0000CH bytes from D:\IBMCPP\LIB\cppos30.lib (D:\SwordCSD\crt\lctod.c)
	at offset 000002b8 0000CH bytes from D:\IBMCPP\LIB\cppos30.lib (D:\SwordCSD\crt\mbrlend.c)

 0003:00001C68 000000004H EDC3                   EDC_CLASS 32-bit
	at offset 00000000 00004H bytes from D:\IBMCPP\LIB\cppos30.lib (D:\SwordCSD\crt\n_excpta.asm)

 0003:00001C6C 00000008CH BSS32                  BSS 32-bit
	at offset 00000000 00008H bytes from D:\IBMCPP\LIB\cppos30.lib (D:\SwordCSD\crt\dde4strt.c)
	at offset 00000008 00020H bytes from D:\IBMCPP\LIB\cppos30.lib (D:\SwordCSD\crt\edcinit.c)
	at offset 00000028 00004H bytes from D:\IBMCPP\LIB\cppos30.lib (D:\SwordCSD\crt\prtemsg.c)
	at offset 0000002c 00004H bytes from D:\IBMCPP\LIB\cppos30.lib (D:\SwordCSD\crt\rinit.c)
	at offset 00000030 00008H bytes from D:\IBMCPP\LIB\cppos30.lib (D:\SwordCSD\crt\ctypetbl.c)
	at offset 00000038 00014H bytes from D:\IBMCPP\LIB\cppos30.lib (D:\SwordCSD\crt\n_except.c)
	at offset 0000004c 00010H bytes from D:\IBMCPP\LIB\cppos30.lib (D:\SwordCSD\crt\lclocale.c)
	at offset 0000005c 0001CH bytes from D:\IBMCPP\LIB\cppos30.lib (D:\SwordCSD\crt\lcctype.c)
	at offset 00000078 0000BH bytes from D:\IBMCPP\LIB\cppos30.lib (D:\SwordCSD\crt\lcmon.c)
	at offset 00000084 00002H bytes from D:\IBMCPP\LIB\cppos30.lib (D:\SwordCSD\crt\lcnum.c)
	at offset 00000088 00003H bytes from D:\IBMCPP\LIB\cppos30.lib (D:\SwordCSD\crt\lctime.c)

 0003:00001CF8 000000058H c_common               BSS 32-bit

 0003:00001D50 000008000H STACK32                STACK 32-bit
	at offset 00000000 08000H bytes from D:\IBMCPP\LIB\cppos30.lib (D:\SwordCSD\crt\exeentry.asm)


 Origin   Group
 0000:0   FLAT
 0003:0   DGROUP

  Address         Publics by Name

 0001:000063F2       DOS32GETMESSAGE
 0001:000063F2       Dos32GetMessage
 0000:00000000  Imp  DOS32IQUERYMESSAGECP (MSG.8)
 0000:00000000  Imp  DOS32TRUEGETMESSAGE  (MSG.6)
 0000:00000000  Imp  DosAllocMem          (DOSCALLS.299)
 0000:00000000  Imp  DosCreateMutexSem    (DOSCALLS.331)
 0000:00000000  Imp  DosExit              (DOSCALLS.234)
 0000:00000000  Imp  DosExitList          (DOSCALLS.296)
 0000:00000000  Imp  DosFreeMem           (DOSCALLS.304)
 0000:00000000  Imp  DosGetInfoBlocks     (DOSCALLS.312)
 0001:000063F2       DosGetMessage
 0001:000063F2       DOSGETMESSAGE
 0000:00000000  Imp  DosQueryDBCSEnv      (NLS.6)
 0000:00000000  Imp  DosQueryHType        (DOSCALLS.224)
 0000:00000000  Imp  DosQuerySysInfo      (DOSCALLS.348)
 0000:00000000  Imp  DosQuerySysState     (DOSCALLS.368)
 0000:00000000  Imp  DosRaiseException    (DOSCALLS.356)
 0000:00000000  Imp  DosSetExceptionHandler (DOSCALLS.354)
 0000:00000000  Imp  DosSetFilePtr        (DOSCALLS.256)
 0000:00000000  Imp  DosSetSignalExceptionFocus (DOSCALLS.378)
 0000:00000000  Imp  DosUnsetExceptionHandler (DOSCALLS.355)
 0000:00000000  Imp  DosWrite             (DOSCALLS.282)
 0003:00001D0C       errno
 0001:000038C0       exit
 0001:00005308       fflush
 0001:0000068C       free
 0001:00004438       getenv
 0001:0000452C       localeconv
 0001:0000060A       main
 0001:000006B8       malloc
 0001:00005688       mbrlen
 0001:000006EC       memset
 0001:00000000       QueryHMte
 0001:00000140       QueryPid
 0001:00000330       QueryProgType
 0001:0000045C       QuerySwitchList
 0001:000063E0       sig32
 0003:0000068C       stderr
 0003:00000684       stdin
 0003:00000688       stdout
 0001:0000071C       strcmp
 0001:000056B0       strnicmp
 0001:000041C4       strspn
 0003:00000468       szType
 0001:00004710       wctomb
 0000:00000000  Imp  WinQueryAnchorBlock  (PMWIN.800)
 0000:00000000  Imp  WinQuerySwitchList   (PMSHAPI.126)
 0003:00001C6C       _argc
 0003:00001C70       _argv
 0003:00001CA8       _Async_exception_flag
 0001:00004234       _bit_test_set
 0003:00001D18       _broken_time_ptr
 0001:000037D4       _bufprint
 0001:000038B4       _callback_opt_sys
 0003:00001D3C       _conv_buf
 0001:0000422C       _cppinit
 0001:000036E0       _critlib_except
 0001:00003414       _CRT_init
 0003:0000096C       _crt_msg_handle
 0001:00004358       _CRT_term
 0003:00001C80       _CRT_usage_count
 0003:00001C9C       _ctype
 0003:00000848       _ctypeModule
 0003:00001CDC       _ctype_cmask
 0003:00001CD8       _ctype_ctypeidx
 0003:00001CD4       _ctype_lower
 0003:00001CCC       _ctype_loweridx
 0003:00001CE0       _ctype_mask
 0003:00001CD0       _ctype_upper
 0003:00001CC8       _ctype_upperidx
 0003:00001D04       _cvt_buf_ptr
 0003:00000854       _C_charmap
 0003:00000E40       _C_collate
 0003:0000138C       _C_ctype
 0003:0000178C       _C_dtconv
 0003:00000AE4       _C_lconv
 0003:00000B24       _C_locale
 0003:000013E0       _C_monetary
 0003:00001434       _C_numeric
 0003:0000147C       _C_resp
 0003:000014C4       _C_syntax
 0003:0000183C       _C_time
 0003:00001938       _C_tod
 0003:00000714       _daylight
 0001:00004510       _dec_test
 0003:00001CFC       _default_heap
 0003:00001D40       _doserrno
 0003:00001D44       _dttm_ptr
 0003:00001C6C       _edata
 0003:00001C74       _edcinit_fin
 0003:00001D24       _eh_base
 0003:00001D50       _end
 0003:00001D30       _environ
 0001:000045D0       _Exception
 0001:00004EAC       _exception_dllinit
 0001:00004EDC       _exception_procinit
 0003:000004C8       _exeentry
 0001:00003304       _exestart
 0001:000047AC       _EXE_Exception
 0001:000052E8       _exit_weak
 0001:00005300       _fcloseall_weak
 0001:0000537C       _fillb
 0003:00001998       _firsteib
 0003:00001D10       _flags
 0001:000058C4       _Flush
 0001:00005A5C       _flushb
 0001:000039A0       _fpninit
 0001:000039A4       _fpreset
 0001:00004244       _freeCtype
 0001:00004354       _freeCtype_weak
 0001:000055BC       _FreeFCB
 0001:0000434C       _freeLocale_weak
 0001:00004740       _get_eib
 0001:00004600       _get_seglim
 0001:00004344       _iconv_term_weak
 0001:00004508       _inc
 0001:00004260       _init_ctype
 0001:00004350       _init_ctype_weak
 0001:00000934       _insert_thou_sep
 0003:00001D1C       _internal_buf_ptr
 0003:00001C68       _lasteib
 0003:00001D08       _lcvt_buf_ptr
 0001:00004928       _Lib_excpt
 0003:00001C7C       _locale_initialized
 0001:00004348       _localInit_weak
 0001:00004F44       _ltoa
 0001:00004548       _matherr
 0003:000008C0       _matherr_ptr
 0001:000052F8       _Math_Exception_Def
 0003:000008BC       _mb_cur_max
 0001:00003A00       _MesgServ
 0001:0000479C       _mig_eib_store
 0001:0000393C       _nConv
 0003:00001D34       _osmajor
 0003:00001D35       _osminor
 0003:0000071C       _osmode
 0003:00001D14       _perror_msg_ptr
 0003:00000710       _PGLOBAL_PTR
 0001:000039B4       _PrintErrMsg
 0001:00000620       _printfieee
 0001:00000664       _printf_ansi
 0003:00000728       _random_seed
 0001:000047EC       _recreate_exception
 0001:000045F4       _Regen_exception
 0003:00001D38       _reg_heap
 0001:00003EEC       _rmem_init
 0001:00003EC8       _rmem_term
 0001:00001FF0       _rnode_delete
 0003:00001CA4       _Saved_Return_Address
 0001:00003FCC       _setuparg
 0001:0000463C       _setupenv
 0001:00004F10       _set_crt_msg_handle
 0001:000038EC       _signedAssign
 0003:00001D20       _strerror_msg_ptr
 0003:00001CF8       _strtok_pos
 0003:00001C78       _swprintf_buf
 0003:00000724       _swprintf_size
 0003:00001D00       _tempname_ptr
 0001:000052D0       _terminate
 0003:00001D48       _TerminateAndDumpSem
 0001:000045E8       _Test_and_reset
 0001:000033C4       _test_handle
 0003:00000718       _timezone
 0003:00001D28       _tzname
 0001:00003D58       _uaddmem
 0001:00003BC4       _ucreate
 0001:00002040       _ufree
 0001:00005044       _uheapmin
 0001:00002F38       _umalloc
 0001:00005768       _uwrite
 0003:00000720       _version
 0003:00001D4C       _walk_used
 0001:00004738       _wcputs
 0001:000063B0       _wfgetposMem
 0001:00004200       _wfloatfmt
 0001:000063A0       _wfsetposMem
 0001:000063D8       _wOpenMemory
 0001:0000639C       _wreadbSyncMem
 0001:000063D4       _wRemoveMem
 0001:000063C0       _wrewindMem
 0001:000063A8       _wSeekMem
 0001:000063C4       _wtellMem
 0001:00006398       _wuwriteMem
 0001:000058C0       _w_int_uflush
 0001:00004220       _w_int_unlink_item
 0001:000058B8       _w_raise
 0001:00004550       _w_Terminate_and_dump
 0001:00004228       _w_tmem_init
 0001:00004224       _w_tmem_term
 0001:0000421C       _w_uheap_verify
 0001:000052F4       _w_walking
 0001:000062E8       __charmap_init
 0001:000062E4       __collate_init
 0001:000062F8       __ctype_init
 0003:00001CA0       __c_local_ctype
 0001:00001778       __dofmto
 0001:00004A60       __Exception
 0003:000008B8       __lc_charmap
 0003:00000EA4       __lc_collate
 0003:000013DC       __lc_ctype
 0003:00000C34       __lc_locale
 0003:0000142C       __lc_monetary
 0003:00001454       __lc_numeric
 0003:0000149C       __lc_resp
 0003:00001510       __lc_syntax
 0003:00001928       __lc_time
 0003:00001980       __lc_tod
 0001:00004520       __localeconv_dummy
 0001:00005670       __localeconv_std
 0003:00000C38       __localeconv_std_flag
 0001:000062FC       __locale_init
 0001:00005D70       __mbrlen_dbcs
 0003:00001984       __mbrlen_dbcs_flag
 0001:0000567C       __mbrlen_dummy
 0001:00004340       __method_weak
 0001:0000617C       __monetary_init
 0001:00006128       __numeric_init
 0001:00005E78       __resp_init
 0001:00003394       __RunExitList
 0001:00003FBC       __sctordtorInit
 0001:00003FC4       __sctordtorTerm
 0001:00005E74       __syntax_init
 0001:00005E98       __time_init
 0001:00005E70       __tod_init
 0001:000057A0       __wctomb_dbcs
 0003:00000C3C       __wctomb_dbcs_flag
 0001:00004704       __wctomb_dummy
 0001:000052E0       __wctordtorInit
 0001:000052E4       __wctordtorTerm

  Address         Publics by Value

 0000:00000000  Imp  DosAllocMem          (DOSCALLS.299)
 0000:00000000  Imp  DosWrite             (DOSCALLS.282)
 0000:00000000  Imp  DosCreateMutexSem    (DOSCALLS.331)
 0000:00000000  Imp  WinQuerySwitchList   (PMSHAPI.126)
 0000:00000000  Imp  DosFreeMem           (DOSCALLS.304)
 0000:00000000  Imp  WinQueryAnchorBlock  (PMWIN.800)
 0000:00000000  Imp  DosRaiseException    (DOSCALLS.356)
 0000:00000000  Imp  DOS32TRUEGETMESSAGE  (MSG.6)
 0000:00000000  Imp  DosExitList          (DOSCALLS.296)
 0000:00000000  Imp  DosUnsetExceptionHandler (DOSCALLS.355)
 0000:00000000  Imp  DosQueryHType        (DOSCALLS.224)
 0000:00000000  Imp  DosExit              (DOSCALLS.234)
 0000:00000000  Imp  DosSetFilePtr        (DOSCALLS.256)
 0000:00000000  Imp  DosSetSignalExceptionFocus (DOSCALLS.378)
 0000:00000000  Imp  DosQuerySysInfo      (DOSCALLS.348)
 0000:00000000  Imp  DosQueryDBCSEnv      (NLS.6)
 0000:00000000  Imp  DosGetInfoBlocks     (DOSCALLS.312)
 0000:00000000  Imp  DosSetExceptionHandler (DOSCALLS.354)
 0000:00000000  Imp  DosQuerySysState     (DOSCALLS.368)
 0000:00000000  Imp  DOS32IQUERYMESSAGECP (MSG.8)
 0001:00000000       QueryHMte
 0001:00000140       QueryPid
 0001:00000330       QueryProgType
 0001:0000045C       QuerySwitchList
 0001:0000060A       main
 0001:00000620       _printfieee
 0001:00000664       _printf_ansi
 0001:0000068C       free
 0001:000006B8       malloc
 0001:000006EC       memset
 0001:0000071C       strcmp
 0001:00000934       _insert_thou_sep
 0001:00001778       __dofmto
 0001:00001FF0       _rnode_delete
 0001:00002040       _ufree
 0001:00002F38       _umalloc
 0001:00003304       _exestart
 0001:00003394       __RunExitList
 0001:000033C4       _test_handle
 0001:00003414       _CRT_init
 0001:000036E0       _critlib_except
 0001:000037D4       _bufprint
 0001:000038B4       _callback_opt_sys
 0001:000038C0       exit
 0001:000038EC       _signedAssign
 0001:0000393C       _nConv
 0001:000039A0       _fpninit
 0001:000039A4       _fpreset
 0001:000039B4       _PrintErrMsg
 0001:00003A00       _MesgServ
 0001:00003BC4       _ucreate
 0001:00003D58       _uaddmem
 0001:00003EC8       _rmem_term
 0001:00003EEC       _rmem_init
 0001:00003FBC       __sctordtorInit
 0001:00003FC4       __sctordtorTerm
 0001:00003FCC       _setuparg
 0001:000041C4       strspn
 0001:00004200       _wfloatfmt
 0001:0000421C       _w_uheap_verify
 0001:00004220       _w_int_unlink_item
 0001:00004224       _w_tmem_term
 0001:00004228       _w_tmem_init
 0001:0000422C       _cppinit
 0001:00004234       _bit_test_set
 0001:00004244       _freeCtype
 0001:00004260       _init_ctype
 0001:00004340       __method_weak
 0001:00004344       _iconv_term_weak
 0001:00004348       _localInit_weak
 0001:0000434C       _freeLocale_weak
 0001:00004350       _init_ctype_weak
 0001:00004354       _freeCtype_weak
 0001:00004358       _CRT_term
 0001:00004438       getenv
 0001:00004508       _inc
 0001:00004510       _dec_test
 0001:00004520       __localeconv_dummy
 0001:0000452C       localeconv
 0001:00004548       _matherr
 0001:00004550       _w_Terminate_and_dump
 0001:000045D0       _Exception
 0001:000045E8       _Test_and_reset
 0001:000045F4       _Regen_exception
 0001:00004600       _get_seglim
 0001:0000463C       _setupenv
 0001:00004704       __wctomb_dummy
 0001:00004710       wctomb
 0001:00004738       _wcputs
 0001:00004740       _get_eib
 0001:0000479C       _mig_eib_store
 0001:000047AC       _EXE_Exception
 0001:000047EC       _recreate_exception
 0001:00004928       _Lib_excpt
 0001:00004A60       __Exception
 0001:00004EAC       _exception_dllinit
 0001:00004EDC       _exception_procinit
 0001:00004F10       _set_crt_msg_handle
 0001:00004F44       _ltoa
 0001:00005044       _uheapmin
 0001:000052D0       _terminate
 0001:000052E0       __wctordtorInit
 0001:000052E4       __wctordtorTerm
 0001:000052E8       _exit_weak
 0001:000052F4       _w_walking
 0001:000052F8       _Math_Exception_Def
 0001:00005300       _fcloseall_weak
 0001:00005308       fflush
 0001:0000537C       _fillb
 0001:000055BC       _FreeFCB
 0001:00005670       __localeconv_std
 0001:0000567C       __mbrlen_dummy
 0001:00005688       mbrlen
 0001:000056B0       strnicmp
 0001:00005768       _uwrite
 0001:000057A0       __wctomb_dbcs
 0001:000058B8       _w_raise
 0001:000058C0       _w_int_uflush
 0001:000058C4       _Flush
 0001:00005A5C       _flushb
 0001:00005D70       __mbrlen_dbcs
 0001:00005E70       __tod_init
 0001:00005E74       __syntax_init
 0001:00005E78       __resp_init
 0001:00005E98       __time_init
 0001:00006128       __numeric_init
 0001:0000617C       __monetary_init
 0001:000062E4       __collate_init
 0001:000062E8       __charmap_init
 0001:000062F8       __ctype_init
 0001:000062FC       __locale_init
 0001:00006398       _wuwriteMem
 0001:0000639C       _wreadbSyncMem
 0001:000063A0       _wfsetposMem
 0001:000063A8       _wSeekMem
 0001:000063B0       _wfgetposMem
 0001:000063C0       _wrewindMem
 0001:000063C4       _wtellMem
 0001:000063D4       _wRemoveMem
 0001:000063D8       _wOpenMemory
 0001:000063E0       sig32
 0001:000063F2       DOS32GETMESSAGE
 0001:000063F2       Dos32GetMessage
 0001:000063F2       DosGetMessage
 0001:000063F2       DOSGETMESSAGE
 0003:00000468       szType
 0003:000004C8       _exeentry
 0003:00000684       stdin
 0003:00000688       stdout
 0003:0000068C       stderr
 0003:00000710       _PGLOBAL_PTR
 0003:00000714       _daylight
 0003:00000718       _timezone
 0003:0000071C       _osmode
 0003:00000720       _version
 0003:00000724       _swprintf_size
 0003:00000728       _random_seed
 0003:00000848       _ctypeModule
 0003:00000854       _C_charmap
 0003:000008B8       __lc_charmap
 0003:000008BC       _mb_cur_max
 0003:000008C0       _matherr_ptr
 0003:0000096C       _crt_msg_handle
 0003:00000AE4       _C_lconv
 0003:00000B24       _C_locale
 0003:00000C34       __lc_locale
 0003:00000C38       __localeconv_std_flag
 0003:00000C3C       __wctomb_dbcs_flag
 0003:00000E40       _C_collate
 0003:00000EA4       __lc_collate
 0003:0000138C       _C_ctype
 0003:000013DC       __lc_ctype
 0003:000013E0       _C_monetary
 0003:0000142C       __lc_monetary
 0003:00001434       _C_numeric
 0003:00001454       __lc_numeric
 0003:0000147C       _C_resp
 0003:0000149C       __lc_resp
 0003:000014C4       _C_syntax
 0003:00001510       __lc_syntax
 0003:0000178C       _C_dtconv
 0003:0000183C       _C_time
 0003:00001928       __lc_time
 0003:00001938       _C_tod
 0003:00001980       __lc_tod
 0003:00001984       __mbrlen_dbcs_flag
 0003:00001998       _firsteib
 0003:00001C68       _lasteib
 0003:00001C6C       _argc
 0003:00001C6C       _edata
 0003:00001C70       _argv
 0003:00001C74       _edcinit_fin
 0003:00001C78       _swprintf_buf
 0003:00001C7C       _locale_initialized
 0003:00001C80       _CRT_usage_count
 0003:00001C9C       _ctype
 0003:00001CA0       __c_local_ctype
 0003:00001CA4       _Saved_Return_Address
 0003:00001CA8       _Async_exception_flag
 0003:00001CC8       _ctype_upperidx
 0003:00001CCC       _ctype_loweridx
 0003:00001CD0       _ctype_upper
 0003:00001CD4       _ctype_lower
 0003:00001CD8       _ctype_ctypeidx
 0003:00001CDC       _ctype_cmask
 0003:00001CE0       _ctype_mask
 0003:00001CF8       _strtok_pos
 0003:00001CFC       _default_heap
 0003:00001D00       _tempname_ptr
 0003:00001D04       _cvt_buf_ptr
 0003:00001D08       _lcvt_buf_ptr
 0003:00001D0C       errno
 0003:00001D10       _flags
 0003:00001D14       _perror_msg_ptr
 0003:00001D18       _broken_time_ptr
 0003:00001D1C       _internal_buf_ptr
 0003:00001D20       _strerror_msg_ptr
 0003:00001D24       _eh_base
 0003:00001D28       _tzname
 0003:00001D30       _environ
 0003:00001D34       _osmajor
 0003:00001D35       _osminor
 0003:00001D38       _reg_heap
 0003:00001D3C       _conv_buf
 0003:00001D40       _doserrno
 0003:00001D44       _dttm_ptr
 0003:00001D48       _TerminateAndDumpSem
 0003:00001D4C       _walk_used
 0003:00001D50       _end

Program entry point at 0001:00003304
